[2020-04-22T22:19:55.998+0800][0.103s] Heap region size: 1M
[2020-04-22T22:19:56.581+0800][0.687s] Using G1
[2020-04-22T22:19:56.581+0800][0.687s] Heap address: 0x00000000e0000000, size: 512 MB, Compressed Oops mode: 32-bit
[2020-04-22T22:19:56.628+0800][0.734s] Periodic GC disabled
[2020-04-22T22:19:59.183+0800][3.289s] GC(0) Pause Young (Normal) (G1 Evacuation Pause)
[2020-04-22T22:19:59.184+0800][3.290s] GC(0) Using 10 workers of 10 for evacuation
[2020-04-22T22:19:59.193+0800][3.299s] GC(0)   Pre Evacuate Collection Set: 0.0ms
[2020-04-22T22:19:59.193+0800][3.299s] GC(0)   Evacuate Collection Set: 7.5ms
[2020-04-22T22:19:59.193+0800][3.299s] GC(0)   Post Evacuate Collection Set: 1.0ms
[2020-04-22T22:19:59.193+0800][3.299s] GC(0)   Other: 1.5ms
[2020-04-22T22:19:59.194+0800][3.300s] GC(0) Eden regions: 30->0(303)
[2020-04-22T22:19:59.194+0800][3.300s] GC(0) Survivor regions: 0->4(4)
[2020-04-22T22:19:59.194+0800][3.300s] GC(0) Old regions: 0->0
[2020-04-22T22:19:59.194+0800][3.300s] GC(0) Archive regions: 0->0
[2020-04-22T22:19:59.194+0800][3.300s] GC(0) Humongous regions: 0->0
[2020-04-22T22:19:59.194+0800][3.300s] GC(0) Metaspace: 8364K->8364K(1056768K)
[2020-04-22T22:19:59.194+0800][3.300s] GC(0) Pause Young (Normal) (G1 Evacuation Pause) 30M->3M(512M) 11.420ms
[2020-04-22T22:19:59.194+0800][3.300s] GC(0) User=0.14s Sys=0.00s Real=0.01s
[2020-04-22T22:20:06.504+0800][10.610s] GC(1) Pause Young (Concurrent Start) (Metadata GC Threshold)
[2020-04-22T22:20:06.504+0800][10.610s] GC(1) Using 10 workers of 10 for evacuation
[2020-04-22T22:20:06.537+0800][10.642s] GC(1)   Pre Evacuate Collection Set: 0.0ms
[2020-04-22T22:20:06.537+0800][10.642s] GC(1)   Evacuate Collection Set: 29.5ms
[2020-04-22T22:20:06.537+0800][10.642s] GC(1)   Post Evacuate Collection Set: 2.3ms
[2020-04-22T22:20:06.537+0800][10.643s] GC(1)   Other: 0.6ms
[2020-04-22T22:20:06.537+0800][10.643s] GC(1) Eden regions: 105->0(98)
[2020-04-22T22:20:06.537+0800][10.643s] GC(1) Survivor regions: 4->19(39)
[2020-04-22T22:20:06.537+0800][10.643s] GC(1) Old regions: 0->0
[2020-04-22T22:20:06.537+0800][10.643s] GC(1) Archive regions: 0->0
[2020-04-22T22:20:06.537+0800][10.643s] GC(1) Humongous regions: 4->4
[2020-04-22T22:20:06.537+0800][10.643s] GC(1) Metaspace: 20580K->20580K(1069056K)
[2020-04-22T22:20:06.537+0800][10.643s] GC(1) Pause Young (Concurrent Start) (Metadata GC Threshold) 112M->22M(512M) 33.046ms
[2020-04-22T22:20:06.538+0800][10.643s] GC(1) User=0.19s Sys=0.00s Real=0.03s
[2020-04-22T22:20:06.538+0800][10.643s] GC(2) Concurrent Cycle
[2020-04-22T22:20:06.538+0800][10.643s] GC(2) Concurrent Clear Claimed Marks
[2020-04-22T22:20:06.538+0800][10.643s] GC(2) Concurrent Clear Claimed Marks 0.112ms
[2020-04-22T22:20:06.538+0800][10.643s] GC(2) Concurrent Scan Root Regions
[2020-04-22T22:20:06.549+0800][10.654s] GC(2) Concurrent Scan Root Regions 10.760ms
[2020-04-22T22:20:06.549+0800][10.654s] GC(2) Concurrent Mark (10.654s)
[2020-04-22T22:20:06.549+0800][10.654s] GC(2) Concurrent Mark From Roots
[2020-04-22T22:20:06.549+0800][10.654s] GC(2) Using 3 workers of 3 for marking
[2020-04-22T22:20:06.564+0800][10.670s] GC(2) Concurrent Mark From Roots 15.195ms
[2020-04-22T22:20:06.564+0800][10.670s] GC(2) Concurrent Preclean
[2020-04-22T22:20:06.565+0800][10.670s] GC(2) Concurrent Preclean 0.551ms
[2020-04-22T22:20:06.565+0800][10.670s] GC(2) Concurrent Mark (10.654s, 10.670s) 16.018ms
[2020-04-22T22:20:06.565+0800][10.671s] GC(2) Pause Remark
[2020-04-22T22:20:06.567+0800][10.673s] GC(2) Cleaned string table, strings: 13178 processed, 0 removed
[2020-04-22T22:20:06.568+0800][10.673s] GC(2) Pause Remark 23M->23M(512M) 2.484ms
[2020-04-22T22:20:06.568+0800][10.673s] GC(2) User=0.00s Sys=0.00s Real=0.00s
[2020-04-22T22:20:06.568+0800][10.673s] GC(2) Concurrent Rebuild Remembered Sets
[2020-04-22T22:20:06.574+0800][10.679s] GC(2) Concurrent Rebuild Remembered Sets 6.005ms
[2020-04-22T22:20:06.575+0800][10.680s] GC(2) Pause Cleanup
[2020-04-22T22:20:06.575+0800][10.680s] GC(2) Pause Cleanup 23M->23M(512M) 0.315ms
[2020-04-22T22:20:06.575+0800][10.681s] GC(2) User=0.00s Sys=0.00s Real=0.00s
[2020-04-22T22:20:06.575+0800][10.681s] GC(2) Concurrent Cleanup for Next Mark
[2020-04-22T22:20:06.576+0800][10.681s] GC(2) Concurrent Cleanup for Next Mark 0.651ms
[2020-04-22T22:20:06.576+0800][10.681s] GC(2) Concurrent Cycle 38.368ms
[2020-04-22T22:20:09.286+0800][13.392s] GC(3) Pause Young (Normal) (G1 Evacuation Pause)
[2020-04-22T22:20:09.286+0800][13.392s] GC(3) Using 10 workers of 10 for evacuation
[2020-04-22T22:20:09.311+0800][13.417s] GC(3)   Pre Evacuate Collection Set: 0.0ms
[2020-04-22T22:20:09.311+0800][13.417s] GC(3)   Evacuate Collection Set: 22.4ms
[2020-04-22T22:20:09.311+0800][13.417s] GC(3)   Post Evacuate Collection Set: 1.8ms
[2020-04-22T22:20:09.311+0800][13.417s] GC(3)   Other: 0.5ms
[2020-04-22T22:20:09.312+0800][13.417s] GC(3) Eden regions: 69->0(116)
[2020-04-22T22:20:09.312+0800][13.417s] GC(3) Survivor regions: 19->5(11)
[2020-04-22T22:20:09.312+0800][13.417s] GC(3) Old regions: 0->19
[2020-04-22T22:20:09.312+0800][13.417s] GC(3) Archive regions: 0->0
[2020-04-22T22:20:09.312+0800][13.417s] GC(3) Humongous regions: 4->4
[2020-04-22T22:20:09.312+0800][13.417s] GC(3) Metaspace: 29461K->29461K(1075200K)
[2020-04-22T22:20:09.312+0800][13.418s] GC(3) Pause Young (Normal) (G1 Evacuation Pause) 91M->27M(512M) 25.611ms
[2020-04-22T22:20:09.312+0800][13.418s] GC(3) User=0.16s Sys=0.02s Real=0.03s
[2020-04-22T22:20:11.283+0800][15.389s] GC(4) Pause Young (Normal) (G1 Evacuation Pause)
[2020-04-22T22:20:11.283+0800][15.389s] GC(4) Using 10 workers of 10 for evacuation
[2020-04-22T22:20:11.292+0800][15.398s] GC(4)   Pre Evacuate Collection Set: 0.0ms
[2020-04-22T22:20:11.292+0800][15.398s] GC(4)   Evacuate Collection Set: 7.7ms
[2020-04-22T22:20:11.292+0800][15.398s] GC(4)   Post Evacuate Collection Set: 0.8ms
[2020-04-22T22:20:11.293+0800][15.398s] GC(4)   Other: 0.5ms
[2020-04-22T22:20:11.293+0800][15.398s] GC(4) Eden regions: 116->0(177)
[2020-04-22T22:20:11.293+0800][15.398s] GC(4) Survivor regions: 5->6(16)
[2020-04-22T22:20:11.293+0800][15.398s] GC(4) Old regions: 19->19
[2020-04-22T22:20:11.293+0800][15.398s] GC(4) Archive regions: 0->0
[2020-04-22T22:20:11.293+0800][15.398s] GC(4) Humongous regions: 4->4
[2020-04-22T22:20:11.293+0800][15.398s] GC(4) Metaspace: 34294K->34294K(1081344K)
[2020-04-22T22:20:11.293+0800][15.398s] GC(4) Pause Young (Normal) (G1 Evacuation Pause) 143M->28M(512M) 9.801ms
[2020-04-22T22:20:11.293+0800][15.398s] GC(4) User=0.00s Sys=0.00s Real=0.01s
[2020-04-22T22:20:11.391+0800][15.497s] GC(5) Pause Young (Concurrent Start) (Metadata GC Threshold)
[2020-04-22T22:20:11.392+0800][15.498s] GC(5) Using 10 workers of 10 for evacuation
[2020-04-22T22:20:11.405+0800][15.511s] GC(5)   Pre Evacuate Collection Set: 0.1ms
[2020-04-22T22:20:11.405+0800][15.511s] GC(5)   Evacuate Collection Set: 11.9ms
[2020-04-22T22:20:11.406+0800][15.511s] GC(5)   Post Evacuate Collection Set: 1.3ms
[2020-04-22T22:20:11.406+0800][15.512s] GC(5)   Other: 0.5ms
[2020-04-22T22:20:11.406+0800][15.512s] GC(5) Eden regions: 28->0(163)
[2020-04-22T22:20:11.406+0800][15.512s] GC(5) Survivor regions: 6->7(23)
[2020-04-22T22:20:11.406+0800][15.512s] GC(5) Old regions: 19->19
[2020-04-22T22:20:11.406+0800][15.512s] GC(5) Archive regions: 0->0
[2020-04-22T22:20:11.406+0800][15.512s] GC(5) Humongous regions: 4->4
[2020-04-22T22:20:11.406+0800][15.512s] GC(5) Metaspace: 34614K->34614K(1081344K)
[2020-04-22T22:20:11.406+0800][15.512s] GC(5) Pause Young (Concurrent Start) (Metadata GC Threshold) 56M->28M(512M) 14.643ms
[2020-04-22T22:20:11.406+0800][15.512s] GC(5) User=0.05s Sys=0.00s Real=0.01s
[2020-04-22T22:20:11.406+0800][15.512s] GC(6) Concurrent Cycle
[2020-04-22T22:20:11.406+0800][15.512s] GC(6) Concurrent Clear Claimed Marks
[2020-04-22T22:20:11.407+0800][15.513s] GC(6) Concurrent Clear Claimed Marks 0.312ms
[2020-04-22T22:20:11.407+0800][15.513s] GC(6) Concurrent Scan Root Regions
[2020-04-22T22:20:11.414+0800][15.520s] GC(6) Concurrent Scan Root Regions 6.902ms
[2020-04-22T22:20:11.414+0800][15.520s] GC(6) Concurrent Mark (15.520s)
[2020-04-22T22:20:11.414+0800][15.520s] GC(6) Concurrent Mark From Roots
[2020-04-22T22:20:11.414+0800][15.520s] GC(6) Using 3 workers of 3 for marking
[2020-04-22T22:20:11.459+0800][15.565s] GC(6) Concurrent Mark From Roots 45.224ms
[2020-04-22T22:20:11.460+0800][15.565s] GC(6) Concurrent Preclean
[2020-04-22T22:20:11.460+0800][15.566s] GC(6) Concurrent Preclean 0.809ms
[2020-04-22T22:20:11.461+0800][15.566s] GC(6) Concurrent Mark (15.520s, 15.566s) 46.487ms
[2020-04-22T22:20:11.461+0800][15.567s] GC(6) Pause Remark
[2020-04-22T22:20:11.464+0800][15.569s] GC(6) Cleaned string table, strings: 19755 processed, 25 removed
[2020-04-22T22:20:11.464+0800][15.570s] GC(6) Pause Remark 35M->35M(512M) 3.197ms
[2020-04-22T22:20:11.464+0800][15.570s] GC(6) User=0.00s Sys=0.00s Real=0.00s
[2020-04-22T22:20:11.464+0800][15.570s] GC(6) Concurrent Rebuild Remembered Sets
[2020-04-22T22:20:11.490+0800][15.595s] GC(6) Concurrent Rebuild Remembered Sets 25.208ms
[2020-04-22T22:20:11.491+0800][15.597s] GC(6) Pause Cleanup
[2020-04-22T22:20:11.491+0800][15.597s] GC(6) Pause Cleanup 40M->40M(512M) 0.324ms
[2020-04-22T22:20:11.491+0800][15.597s] GC(6) User=0.00s Sys=0.00s Real=0.00s
[2020-04-22T22:20:11.492+0800][15.597s] GC(6) Concurrent Cleanup for Next Mark
[2020-04-22T22:20:11.492+0800][15.598s] GC(6) Concurrent Cleanup for Next Mark 0.730ms
[2020-04-22T22:20:11.492+0800][15.598s] GC(6) Concurrent Cycle 85.897ms
[2020-04-22T22:20:14.389+0800][18.495s] GC(7) Pause Young (Normal) (G1 Evacuation Pause)
[2020-04-22T22:20:14.389+0800][18.495s] GC(7) Using 10 workers of 10 for evacuation
[2020-04-22T22:20:14.400+0800][18.506s] GC(7)   Pre Evacuate Collection Set: 0.0ms
[2020-04-22T22:20:14.400+0800][18.506s] GC(7)   Evacuate Collection Set: 8.9ms
[2020-04-22T22:20:14.400+0800][18.506s] GC(7)   Post Evacuate Collection Set: 1.7ms
[2020-04-22T22:20:14.400+0800][18.506s] GC(7)   Other: 0.5ms
[2020-04-22T22:20:14.400+0800][18.506s] GC(7) Eden regions: 164->0(297)
[2020-04-22T22:20:14.400+0800][18.506s] GC(7) Survivor regions: 7->10(22)
[2020-04-22T22:20:14.400+0800][18.506s] GC(7) Old regions: 19->19
[2020-04-22T22:20:14.400+0800][18.506s] GC(7) Archive regions: 0->0
[2020-04-22T22:20:14.400+0800][18.506s] GC(7) Humongous regions: 5->4
[2020-04-22T22:20:14.400+0800][18.506s] GC(7) Metaspace: 40330K->40330K(1085440K)
[2020-04-22T22:20:14.401+0800][18.506s] GC(7) Pause Young (Normal) (G1 Evacuation Pause) 193M->32M(512M) 11.844ms
[2020-04-22T22:20:14.401+0800][18.507s] GC(7) User=0.00s Sys=0.00s Real=0.01s
