[2020-04-17T15:39:03.311+0800][0.078s] Heap region size: 1M
[2020-04-17T15:39:03.887+0800][0.653s] Using G1
[2020-04-17T15:39:03.887+0800][0.653s] Heap address: 0x00000000e0000000, size: 512 MB, Compressed Oops mode: 32-bit
[2020-04-17T15:39:03.940+0800][0.706s] Periodic GC disabled
[2020-04-17T15:39:06.345+0800][3.111s] GC(0) Pause Young (Normal) (G1 Evacuation Pause)
[2020-04-17T15:39:06.347+0800][3.113s] GC(0) Using 10 workers of 10 for evacuation
[2020-04-17T15:39:06.355+0800][3.121s] GC(0)   Pre Evacuate Collection Set: 0.0ms
[2020-04-17T15:39:06.355+0800][3.122s] GC(0)   Evacuate Collection Set: 6.9ms
[2020-04-17T15:39:06.355+0800][3.122s] GC(0)   Post Evacuate Collection Set: 1.1ms
[2020-04-17T15:39:06.355+0800][3.122s] GC(0)   Other: 2.1ms
[2020-04-17T15:39:06.356+0800][3.123s] GC(0) Eden regions: 30->0(303)
[2020-04-17T15:39:06.356+0800][3.123s] GC(0) Survivor regions: 0->4(4)
[2020-04-17T15:39:06.356+0800][3.123s] GC(0) Old regions: 0->0
[2020-04-17T15:39:06.356+0800][3.123s] GC(0) Archive regions: 0->0
[2020-04-17T15:39:06.356+0800][3.123s] GC(0) Humongous regions: 0->0
[2020-04-17T15:39:06.357+0800][3.123s] GC(0) Metaspace: 8350K->8350K(1056768K)
[2020-04-17T15:39:06.357+0800][3.123s] GC(0) Pause Young (Normal) (G1 Evacuation Pause) 30M->3M(512M) 12.016ms
[2020-04-17T15:39:06.357+0800][3.123s] GC(0) User=0.00s Sys=0.00s Real=0.01s
[2020-04-17T15:39:11.911+0800][8.677s] GC(1) Pause Young (Concurrent Start) (Metadata GC Threshold)
[2020-04-17T15:39:11.911+0800][8.677s] GC(1) Using 10 workers of 10 for evacuation
[2020-04-17T15:39:11.949+0800][8.715s] GC(1)   Pre Evacuate Collection Set: 0.0ms
[2020-04-17T15:39:11.949+0800][8.715s] GC(1)   Evacuate Collection Set: 32.1ms
[2020-04-17T15:39:11.949+0800][8.715s] GC(1)   Post Evacuate Collection Set: 2.6ms
[2020-04-17T15:39:11.949+0800][8.715s] GC(1)   Other: 3.6ms
[2020-04-17T15:39:11.949+0800][8.715s] GC(1) Eden regions: 106->0(98)
[2020-04-17T15:39:11.949+0800][8.715s] GC(1) Survivor regions: 4->19(39)
[2020-04-17T15:39:11.949+0800][8.715s] GC(1) Old regions: 0->0
[2020-04-17T15:39:11.949+0800][8.715s] GC(1) Archive regions: 0->0
[2020-04-17T15:39:11.949+0800][8.715s] GC(1) Humongous regions: 4->4
[2020-04-17T15:39:11.949+0800][8.715s] GC(1) Metaspace: 20572K->20572K(1069056K)
[2020-04-17T15:39:11.950+0800][8.716s] GC(1) Pause Young (Concurrent Start) (Metadata GC Threshold) 113M->22M(512M) 38.813ms
[2020-04-17T15:39:11.950+0800][8.716s] GC(1) User=0.20s Sys=0.00s Real=0.04s
[2020-04-17T15:39:11.950+0800][8.716s] GC(2) Concurrent Cycle
[2020-04-17T15:39:11.950+0800][8.716s] GC(2) Concurrent Clear Claimed Marks
[2020-04-17T15:39:11.950+0800][8.716s] GC(2) Concurrent Clear Claimed Marks 0.078ms
[2020-04-17T15:39:11.950+0800][8.716s] GC(2) Concurrent Scan Root Regions
[2020-04-17T15:39:11.961+0800][8.727s] GC(2) Concurrent Scan Root Regions 11.285ms
[2020-04-17T15:39:11.961+0800][8.727s] GC(2) Concurrent Mark (8.727s)
[2020-04-17T15:39:11.961+0800][8.727s] GC(2) Concurrent Mark From Roots
[2020-04-17T15:39:11.962+0800][8.728s] GC(2) Using 3 workers of 3 for marking
[2020-04-17T15:39:11.976+0800][8.743s] GC(2) Concurrent Mark From Roots 15.600ms
[2020-04-17T15:39:11.976+0800][8.743s] GC(2) Concurrent Preclean
[2020-04-17T15:39:11.977+0800][8.744s] GC(2) Concurrent Preclean 0.575ms
[2020-04-17T15:39:11.977+0800][8.744s] GC(2) Concurrent Mark (8.727s, 8.744s) 16.466ms
[2020-04-17T15:39:11.977+0800][8.744s] GC(2) Pause Remark
[2020-04-17T15:39:11.980+0800][8.747s] GC(2) Cleaned string table, strings: 13199 processed, 0 removed
[2020-04-17T15:39:11.981+0800][8.747s] GC(2) Pause Remark 23M->23M(512M) 3.190ms
[2020-04-17T15:39:11.981+0800][8.748s] GC(2) User=0.00s Sys=0.00s Real=0.00s
[2020-04-17T15:39:11.981+0800][8.748s] GC(2) Concurrent Rebuild Remembered Sets
[2020-04-17T15:39:11.986+0800][8.753s] GC(2) Concurrent Rebuild Remembered Sets 5.651ms
[2020-04-17T15:39:11.987+0800][8.754s] GC(2) Pause Cleanup
[2020-04-17T15:39:11.987+0800][8.754s] GC(2) Pause Cleanup 23M->23M(512M) 0.291ms
[2020-04-17T15:39:11.987+0800][8.754s] GC(2) User=0.00s Sys=0.00s Real=0.00s
[2020-04-17T15:39:11.988+0800][8.755s] GC(2) Concurrent Cleanup for Next Mark
[2020-04-17T15:39:11.988+0800][8.755s] GC(2) Concurrent Cleanup for Next Mark 0.721ms
[2020-04-17T15:39:11.989+0800][8.756s] GC(2) Concurrent Cycle 39.767ms
[2020-04-17T15:39:14.243+0800][11.009s] GC(3) Pause Young (Normal) (G1 Evacuation Pause)
[2020-04-17T15:39:14.243+0800][11.009s] GC(3) Using 10 workers of 10 for evacuation
[2020-04-17T15:39:14.276+0800][11.043s] GC(3)   Pre Evacuate Collection Set: 0.0ms
[2020-04-17T15:39:14.276+0800][11.043s] GC(3)   Evacuate Collection Set: 25.9ms
[2020-04-17T15:39:14.276+0800][11.043s] GC(3)   Post Evacuate Collection Set: 7.4ms
[2020-04-17T15:39:14.276+0800][11.043s] GC(3)   Other: 0.3ms
[2020-04-17T15:39:14.276+0800][11.043s] GC(3) Eden regions: 67->0(116)
[2020-04-17T15:39:14.276+0800][11.043s] GC(3) Survivor regions: 19->5(11)
[2020-04-17T15:39:14.276+0800][11.043s] GC(3) Old regions: 0->19
[2020-04-17T15:39:14.277+0800][11.043s] GC(3) Archive regions: 0->0
[2020-04-17T15:39:14.277+0800][11.043s] GC(3) Humongous regions: 4->4
[2020-04-17T15:39:14.277+0800][11.043s] GC(3) Metaspace: 29335K->29335K(1075200K)
[2020-04-17T15:39:14.277+0800][11.044s] GC(3) Pause Young (Normal) (G1 Evacuation Pause) 89M->26M(512M) 34.220ms
[2020-04-17T15:39:14.277+0800][11.044s] GC(3) User=0.28s Sys=0.00s Real=0.03s
[2020-04-17T15:39:16.191+0800][12.957s] GC(4) Pause Young (Normal) (G1 Evacuation Pause)
[2020-04-17T15:39:16.191+0800][12.958s] GC(4) Using 10 workers of 10 for evacuation
[2020-04-17T15:39:16.199+0800][12.966s] GC(4)   Pre Evacuate Collection Set: 0.0ms
[2020-04-17T15:39:16.199+0800][12.966s] GC(4)   Evacuate Collection Set: 6.8ms
[2020-04-17T15:39:16.199+0800][12.966s] GC(4)   Post Evacuate Collection Set: 0.9ms
[2020-04-17T15:39:16.199+0800][12.966s] GC(4)   Other: 0.4ms
[2020-04-17T15:39:16.200+0800][12.966s] GC(4) Eden regions: 116->0(301)
[2020-04-17T15:39:16.200+0800][12.966s] GC(4) Survivor regions: 5->6(16)
[2020-04-17T15:39:16.200+0800][12.966s] GC(4) Old regions: 19->19
[2020-04-17T15:39:16.200+0800][12.966s] GC(4) Archive regions: 0->0
[2020-04-17T15:39:16.200+0800][12.966s] GC(4) Humongous regions: 4->4
[2020-04-17T15:39:16.200+0800][12.967s] GC(4) Metaspace: 33881K->33881K(1079296K)
[2020-04-17T15:39:16.200+0800][12.967s] GC(4) Pause Young (Normal) (G1 Evacuation Pause) 142M->28M(512M) 9.223ms
[2020-04-17T15:39:16.200+0800][12.967s] GC(4) User=0.00s Sys=0.00s Real=0.01s
[2020-04-17T15:39:16.696+0800][13.463s] GC(5) Pause Young (Concurrent Start) (Metadata GC Threshold)
[2020-04-17T15:39:16.696+0800][13.463s] GC(5) Using 10 workers of 10 for evacuation
[2020-04-17T15:39:16.711+0800][13.478s] GC(5)   Pre Evacuate Collection Set: 0.1ms
[2020-04-17T15:39:16.711+0800][13.478s] GC(5)   Evacuate Collection Set: 13.5ms
[2020-04-17T15:39:16.711+0800][13.478s] GC(5)   Post Evacuate Collection Set: 0.8ms
[2020-04-17T15:39:16.711+0800][13.478s] GC(5)   Other: 0.5ms
[2020-04-17T15:39:16.711+0800][13.478s] GC(5) Eden regions: 100->0(300)
[2020-04-17T15:39:16.711+0800][13.478s] GC(5) Survivor regions: 6->7(39)
[2020-04-17T15:39:16.711+0800][13.478s] GC(5) Old regions: 19->19
[2020-04-17T15:39:16.711+0800][13.478s] GC(5) Archive regions: 0->0
[2020-04-17T15:39:16.711+0800][13.478s] GC(5) Humongous regions: 5->4
[2020-04-17T15:39:16.712+0800][13.478s] GC(5) Metaspace: 34663K->34663K(1081344K)
[2020-04-17T15:39:16.712+0800][13.479s] GC(5) Pause Young (Concurrent Start) (Metadata GC Threshold) 129M->28M(512M) 15.369ms
[2020-04-17T15:39:16.712+0800][13.479s] GC(5) User=0.03s Sys=0.02s Real=0.02s
[2020-04-17T15:39:16.712+0800][13.479s] GC(6) Concurrent Cycle
[2020-04-17T15:39:16.712+0800][13.479s] GC(6) Concurrent Clear Claimed Marks
[2020-04-17T15:39:16.712+0800][13.479s] GC(6) Concurrent Clear Claimed Marks 0.095ms
[2020-04-17T15:39:16.712+0800][13.479s] GC(6) Concurrent Scan Root Regions
[2020-04-17T15:39:16.717+0800][13.484s] GC(6) Concurrent Scan Root Regions 4.844ms
[2020-04-17T15:39:16.717+0800][13.484s] GC(6) Concurrent Mark (13.484s)
[2020-04-17T15:39:16.717+0800][13.484s] GC(6) Concurrent Mark From Roots
[2020-04-17T15:39:16.717+0800][13.484s] GC(6) Using 3 workers of 3 for marking
[2020-04-17T15:39:16.759+0800][13.526s] GC(6) Concurrent Mark From Roots 41.470ms
[2020-04-17T15:39:16.759+0800][13.526s] GC(6) Concurrent Preclean
[2020-04-17T15:39:16.760+0800][13.526s] GC(6) Concurrent Preclean 0.721ms
[2020-04-17T15:39:16.760+0800][13.526s] GC(6) Concurrent Mark (13.484s, 13.526s) 42.558ms
[2020-04-17T15:39:16.760+0800][13.527s] GC(6) Pause Remark
[2020-04-17T15:39:16.763+0800][13.530s] GC(6) Cleaned string table, strings: 19894 processed, 25 removed
[2020-04-17T15:39:16.764+0800][13.530s] GC(6) Pause Remark 31M->31M(512M) 3.338ms
[2020-04-17T15:39:16.764+0800][13.530s] GC(6) User=0.03s Sys=0.00s Real=0.00s
[2020-04-17T15:39:16.764+0800][13.531s] GC(6) Concurrent Rebuild Remembered Sets
[2020-04-17T15:39:16.783+0800][13.549s] GC(6) Concurrent Rebuild Remembered Sets 18.708ms
[2020-04-17T15:39:16.784+0800][13.551s] GC(6) Pause Cleanup
[2020-04-17T15:39:16.785+0800][13.552s] GC(6) Pause Cleanup 33M->33M(512M) 0.340ms
[2020-04-17T15:39:16.785+0800][13.552s] GC(6) User=0.00s Sys=0.00s Real=0.00s
[2020-04-17T15:39:16.785+0800][13.552s] GC(6) Concurrent Cleanup for Next Mark
[2020-04-17T15:39:16.786+0800][13.552s] GC(6) Concurrent Cleanup for Next Mark 0.681ms
[2020-04-17T15:39:16.786+0800][13.553s] GC(6) Concurrent Cycle 73.817ms
