[2020-04-10T11:29:18.637+0800][1.703s] Heap region size: 1M
[2020-04-10T11:29:19.224+0800][2.292s] Using G1
[2020-04-10T11:29:19.224+0800][2.292s] Heap address: 0x00000000e0000000, size: 512 MB, Compressed Oops mode: 32-bit
[2020-04-10T11:29:19.272+0800][2.339s] Periodic GC disabled
[2020-04-10T11:29:21.583+0800][4.649s] GC(0) Pause Young (Normal) (G1 Evacuation Pause)
[2020-04-10T11:29:21.584+0800][4.651s] GC(0) Using 10 workers of 10 for evacuation
[2020-04-10T11:29:21.593+0800][4.659s] GC(0)   Pre Evacuate Collection Set: 0.0ms
[2020-04-10T11:29:21.593+0800][4.660s] GC(0)   Evacuate Collection Set: 7.1ms
[2020-04-10T11:29:21.593+0800][4.660s] GC(0)   Post Evacuate Collection Set: 1.0ms
[2020-04-10T11:29:21.593+0800][4.660s] GC(0)   Other: 1.9ms
[2020-04-10T11:29:21.594+0800][4.661s] GC(0) Eden regions: 30->0(303)
[2020-04-10T11:29:21.594+0800][4.661s] GC(0) Survivor regions: 0->4(4)
[2020-04-10T11:29:21.594+0800][4.661s] GC(0) Old regions: 0->0
[2020-04-10T11:29:21.594+0800][4.661s] GC(0) Archive regions: 0->0
[2020-04-10T11:29:21.594+0800][4.661s] GC(0) Humongous regions: 0->0
[2020-04-10T11:29:21.594+0800][4.661s] GC(0) Metaspace: 8373K->8373K(1056768K)
[2020-04-10T11:29:21.594+0800][4.661s] GC(0) Pause Young (Normal) (G1 Evacuation Pause) 30M->3M(512M) 11.485ms
[2020-04-10T11:29:21.594+0800][4.661s] GC(0) User=0.00s Sys=0.00s Real=0.01s
[2020-04-10T11:29:26.822+0800][9.889s] GC(1) Pause Young (Concurrent Start) (Metadata GC Threshold)
[2020-04-10T11:29:26.822+0800][9.889s] GC(1) Using 10 workers of 10 for evacuation
[2020-04-10T11:29:26.852+0800][9.918s] GC(1)   Pre Evacuate Collection Set: 0.0ms
[2020-04-10T11:29:26.852+0800][9.918s] GC(1)   Evacuate Collection Set: 26.3ms
[2020-04-10T11:29:26.852+0800][9.919s] GC(1)   Post Evacuate Collection Set: 2.6ms
[2020-04-10T11:29:26.852+0800][9.919s] GC(1)   Other: 0.6ms
[2020-04-10T11:29:26.852+0800][9.919s] GC(1) Eden regions: 106->0(99)
[2020-04-10T11:29:26.852+0800][9.919s] GC(1) Survivor regions: 4->19(39)
[2020-04-10T11:29:26.852+0800][9.919s] GC(1) Old regions: 0->0
[2020-04-10T11:29:26.852+0800][9.919s] GC(1) Archive regions: 0->0
[2020-04-10T11:29:26.852+0800][9.919s] GC(1) Humongous regions: 4->4
[2020-04-10T11:29:26.852+0800][9.919s] GC(1) Metaspace: 20569K->20569K(1069056K)
[2020-04-10T11:29:26.852+0800][9.919s] GC(1) Pause Young (Concurrent Start) (Metadata GC Threshold) 113M->23M(512M) 30.155ms
[2020-04-10T11:29:26.852+0800][9.919s] GC(1) User=0.20s Sys=0.00s Real=0.03s
[2020-04-10T11:29:26.852+0800][9.919s] GC(2) Concurrent Cycle
[2020-04-10T11:29:26.852+0800][9.919s] GC(2) Concurrent Clear Claimed Marks
[2020-04-10T11:29:26.853+0800][9.919s] GC(2) Concurrent Clear Claimed Marks 0.098ms
[2020-04-10T11:29:26.853+0800][9.919s] GC(2) Concurrent Scan Root Regions
[2020-04-10T11:29:26.861+0800][9.928s] GC(2) Concurrent Scan Root Regions 8.309ms
[2020-04-10T11:29:26.861+0800][9.928s] GC(2) Concurrent Mark (9.928s)
[2020-04-10T11:29:26.861+0800][9.928s] GC(2) Concurrent Mark From Roots
[2020-04-10T11:29:26.861+0800][9.928s] GC(2) Using 3 workers of 3 for marking
[2020-04-10T11:29:26.879+0800][9.946s] GC(2) Concurrent Mark From Roots 17.885ms
[2020-04-10T11:29:26.879+0800][9.946s] GC(2) Concurrent Preclean
[2020-04-10T11:29:26.880+0800][9.946s] GC(2) Concurrent Preclean 0.453ms
[2020-04-10T11:29:26.880+0800][9.946s] GC(2) Concurrent Mark (9.928s, 9.946s) 18.568ms
[2020-04-10T11:29:26.880+0800][9.947s] GC(2) Pause Remark
[2020-04-10T11:29:26.882+0800][9.949s] GC(2) Cleaned string table, strings: 13199 processed, 0 removed
[2020-04-10T11:29:26.882+0800][9.949s] GC(2) Pause Remark 24M->24M(512M) 2.414ms
[2020-04-10T11:29:26.883+0800][9.949s] GC(2) User=0.00s Sys=0.00s Real=0.00s
[2020-04-10T11:29:26.883+0800][9.949s] GC(2) Concurrent Rebuild Remembered Sets
[2020-04-10T11:29:26.886+0800][9.953s] GC(2) Concurrent Rebuild Remembered Sets 3.454ms
[2020-04-10T11:29:26.887+0800][9.953s] GC(2) Pause Cleanup
[2020-04-10T11:29:26.887+0800][9.954s] GC(2) Pause Cleanup 24M->24M(512M) 0.293ms
[2020-04-10T11:29:26.887+0800][9.954s] GC(2) User=0.00s Sys=0.00s Real=0.00s
[2020-04-10T11:29:26.887+0800][9.954s] GC(2) Concurrent Cleanup for Next Mark
[2020-04-10T11:29:26.888+0800][9.955s] GC(2) Concurrent Cleanup for Next Mark 0.899ms
[2020-04-10T11:29:26.888+0800][9.955s] GC(2) Concurrent Cycle 36.020ms
[2020-04-10T11:29:28.824+0800][11.891s] GC(3) Pause Young (Normal) (G1 Evacuation Pause)
[2020-04-10T11:29:28.824+0800][11.891s] GC(3) Using 10 workers of 10 for evacuation
[2020-04-10T11:29:28.851+0800][11.917s] GC(3)   Pre Evacuate Collection Set: 0.0ms
[2020-04-10T11:29:28.851+0800][11.918s] GC(3)   Evacuate Collection Set: 24.2ms
[2020-04-10T11:29:28.851+0800][11.918s] GC(3)   Post Evacuate Collection Set: 1.9ms
[2020-04-10T11:29:28.851+0800][11.918s] GC(3)   Other: 0.4ms
[2020-04-10T11:29:28.851+0800][11.918s] GC(3) Eden regions: 70->0(113)
[2020-04-10T11:29:28.851+0800][11.918s] GC(3) Survivor regions: 19->5(12)
[2020-04-10T11:29:28.851+0800][11.918s] GC(3) Old regions: 0->19
[2020-04-10T11:29:28.851+0800][11.918s] GC(3) Archive regions: 0->0
[2020-04-10T11:29:28.851+0800][11.918s] GC(3) Humongous regions: 4->4
[2020-04-10T11:29:28.851+0800][11.918s] GC(3) Metaspace: 29557K->29557K(1075200K)
[2020-04-10T11:29:28.851+0800][11.918s] GC(3) Pause Young (Normal) (G1 Evacuation Pause) 93M->26M(512M) 27.206ms
[2020-04-10T11:29:28.852+0800][11.918s] GC(3) User=0.25s Sys=0.03s Real=0.03s
[2020-04-10T11:29:30.251+0800][13.318s] GC(4) Pause Young (Normal) (G1 Evacuation Pause)
[2020-04-10T11:29:30.251+0800][13.318s] GC(4) Using 10 workers of 10 for evacuation
[2020-04-10T11:29:30.259+0800][13.326s] GC(4)   Pre Evacuate Collection Set: 0.0ms
[2020-04-10T11:29:30.259+0800][13.326s] GC(4)   Evacuate Collection Set: 6.8ms
[2020-04-10T11:29:30.259+0800][13.326s] GC(4)   Post Evacuate Collection Set: 0.8ms
[2020-04-10T11:29:30.259+0800][13.326s] GC(4)   Other: 0.4ms
[2020-04-10T11:29:30.259+0800][13.326s] GC(4) Eden regions: 113->0(274)
[2020-04-10T11:29:30.259+0800][13.326s] GC(4) Survivor regions: 5->6(15)
[2020-04-10T11:29:30.260+0800][13.326s] GC(4) Old regions: 19->19
[2020-04-10T11:29:30.260+0800][13.326s] GC(4) Archive regions: 0->0
[2020-04-10T11:29:30.260+0800][13.326s] GC(4) Humongous regions: 4->4
[2020-04-10T11:29:30.260+0800][13.326s] GC(4) Metaspace: 33958K->33958K(1079296K)
[2020-04-10T11:29:30.260+0800][13.327s] GC(4) Pause Young (Normal) (G1 Evacuation Pause) 139M->27M(512M) 8.715ms
[2020-04-10T11:29:30.260+0800][13.327s] GC(4) User=0.14s Sys=0.02s Real=0.01s
[2020-04-10T11:29:30.477+0800][13.544s] GC(5) Pause Young (Concurrent Start) (Metadata GC Threshold)
[2020-04-10T11:29:30.477+0800][13.545s] GC(5) Using 10 workers of 10 for evacuation
[2020-04-10T11:29:30.490+0800][13.557s] GC(5)   Pre Evacuate Collection Set: 0.1ms
[2020-04-10T11:29:30.490+0800][13.557s] GC(5)   Evacuate Collection Set: 11.2ms
[2020-04-10T11:29:30.490+0800][13.557s] GC(5)   Post Evacuate Collection Set: 0.8ms
[2020-04-10T11:29:30.490+0800][13.557s] GC(5)   Other: 0.4ms
[2020-04-10T11:29:30.490+0800][13.557s] GC(5) Eden regions: 57->0(211)
[2020-04-10T11:29:30.490+0800][13.557s] GC(5) Survivor regions: 6->8(35)
[2020-04-10T11:29:30.490+0800][13.557s] GC(5) Old regions: 19->19
[2020-04-10T11:29:30.490+0800][13.557s] GC(5) Archive regions: 0->0
[2020-04-10T11:29:30.490+0800][13.557s] GC(5) Humongous regions: 5->4
[2020-04-10T11:29:30.490+0800][13.557s] GC(5) Metaspace: 34757K->34757K(1081344K)
[2020-04-10T11:29:30.490+0800][13.557s] GC(5) Pause Young (Concurrent Start) (Metadata GC Threshold) 85M->29M(512M) 13.002ms
[2020-04-10T11:29:30.490+0800][13.558s] GC(5) User=0.17s Sys=0.00s Real=0.01s
[2020-04-10T11:29:30.491+0800][13.558s] GC(6) Concurrent Cycle
[2020-04-10T11:29:30.491+0800][13.558s] GC(6) Concurrent Clear Claimed Marks
[2020-04-10T11:29:30.491+0800][13.558s] GC(6) Concurrent Clear Claimed Marks 0.135ms
[2020-04-10T11:29:30.491+0800][13.558s] GC(6) Concurrent Scan Root Regions
[2020-04-10T11:29:30.498+0800][13.565s] GC(6) Concurrent Scan Root Regions 6.609ms
[2020-04-10T11:29:30.498+0800][13.565s] GC(6) Concurrent Mark (13.565s)
[2020-04-10T11:29:30.498+0800][13.565s] GC(6) Concurrent Mark From Roots
[2020-04-10T11:29:30.498+0800][13.565s] GC(6) Using 3 workers of 3 for marking
[2020-04-10T11:29:30.542+0800][13.609s] GC(6) Concurrent Mark From Roots 43.737ms
[2020-04-10T11:29:30.542+0800][13.609s] GC(6) Concurrent Preclean
[2020-04-10T11:29:30.542+0800][13.609s] GC(6) Concurrent Preclean 0.546ms
[2020-04-10T11:29:30.542+0800][13.609s] GC(6) Concurrent Mark (13.565s, 13.609s) 44.681ms
[2020-04-10T11:29:30.543+0800][13.610s] GC(6) Pause Remark
[2020-04-10T11:29:30.545+0800][13.612s] GC(6) Cleaned string table, strings: 19930 processed, 25 removed
[2020-04-10T11:29:30.546+0800][13.613s] GC(6) Pause Remark 42M->42M(512M) 3.035ms
[2020-04-10T11:29:30.546+0800][13.613s] GC(6) User=0.00s Sys=0.00s Real=0.00s
[2020-04-10T11:29:30.546+0800][13.613s] GC(6) Concurrent Rebuild Remembered Sets
[2020-04-10T11:29:30.566+0800][13.633s] GC(6) Concurrent Rebuild Remembered Sets 19.517ms
[2020-04-10T11:29:30.566+0800][13.633s] GC(6) Pause Cleanup
[2020-04-10T11:29:30.567+0800][13.634s] GC(6) Pause Cleanup 47M->47M(512M) 0.282ms
[2020-04-10T11:29:30.567+0800][13.634s] GC(6) User=0.00s Sys=0.00s Real=0.00s
[2020-04-10T11:29:30.567+0800][13.634s] GC(6) Concurrent Cleanup for Next Mark
[2020-04-10T11:29:30.568+0800][13.635s] GC(6) Concurrent Cleanup for Next Mark 0.699ms
[2020-04-10T11:29:30.568+0800][13.635s] GC(6) Concurrent Cycle 76.993ms
[2020-04-10T11:29:59.744+0800][42.811s] Heap
[2020-04-10T11:29:59.744+0800][42.811s]  garbage-first heap   total 524288K, used 97097K [0x00000000e0000000, 0x0000000100000000)
[2020-04-10T11:29:59.744+0800][42.811s]   region size 1024K, 74 young (75776K), 8 survivors (8192K)
[2020-04-10T11:29:59.744+0800][42.811s]  Metaspace       used 36518K, capacity 37326K, committed 37496K, reserved 1081344K
[2020-04-10T11:29:59.744+0800][42.811s]   class space    used 4292K, capacity 4622K, committed 4736K, reserved 1048576K
