[2020-04-16T11:33:14.123+0800][0.079s] Heap region size: 1M
[2020-04-16T11:33:14.776+0800][0.732s] Using G1
[2020-04-16T11:33:14.776+0800][0.732s] Heap address: 0x00000000e0000000, size: 512 MB, Compressed Oops mode: 32-bit
[2020-04-16T11:33:14.828+0800][0.783s] Periodic GC disabled
[2020-04-16T11:33:17.384+0800][3.340s] GC(0) Pause Young (Normal) (G1 Evacuation Pause)
[2020-04-16T11:33:17.385+0800][3.342s] GC(0) Using 10 workers of 10 for evacuation
[2020-04-16T11:33:17.394+0800][3.350s] GC(0)   Pre Evacuate Collection Set: 0.1ms
[2020-04-16T11:33:17.394+0800][3.350s] GC(0)   Evacuate Collection Set: 6.8ms
[2020-04-16T11:33:17.394+0800][3.350s] GC(0)   Post Evacuate Collection Set: 1.0ms
[2020-04-16T11:33:17.394+0800][3.350s] GC(0)   Other: 2.0ms
[2020-04-16T11:33:17.395+0800][3.351s] GC(0) Eden regions: 30->0(303)
[2020-04-16T11:33:17.395+0800][3.351s] GC(0) Survivor regions: 0->4(4)
[2020-04-16T11:33:17.395+0800][3.351s] GC(0) Old regions: 0->0
[2020-04-16T11:33:17.395+0800][3.351s] GC(0) Archive regions: 0->0
[2020-04-16T11:33:17.395+0800][3.351s] GC(0) Humongous regions: 0->0
[2020-04-16T11:33:17.395+0800][3.352s] GC(0) Metaspace: 8315K->8315K(1056768K)
[2020-04-16T11:33:17.396+0800][3.352s] GC(0) Pause Young (Normal) (G1 Evacuation Pause) 30M->3M(512M) 11.659ms
[2020-04-16T11:33:17.396+0800][3.352s] GC(0) User=0.16s Sys=0.00s Real=0.01s
[2020-04-16T11:33:23.158+0800][9.115s] GC(1) Pause Young (Concurrent Start) (Metadata GC Threshold)
[2020-04-16T11:33:23.158+0800][9.115s] GC(1) Using 10 workers of 10 for evacuation
[2020-04-16T11:33:23.195+0800][9.151s] GC(1)   Pre Evacuate Collection Set: 0.0ms
[2020-04-16T11:33:23.195+0800][9.152s] GC(1)   Evacuate Collection Set: 31.2ms
[2020-04-16T11:33:23.195+0800][9.152s] GC(1)   Post Evacuate Collection Set: 2.4ms
[2020-04-16T11:33:23.195+0800][9.152s] GC(1)   Other: 3.2ms
[2020-04-16T11:33:23.195+0800][9.152s] GC(1) Eden regions: 103->0(95)
[2020-04-16T11:33:23.195+0800][9.152s] GC(1) Survivor regions: 4->19(39)
[2020-04-16T11:33:23.195+0800][9.152s] GC(1) Old regions: 0->0
[2020-04-16T11:33:23.195+0800][9.152s] GC(1) Archive regions: 0->0
[2020-04-16T11:33:23.195+0800][9.152s] GC(1) Humongous regions: 4->4
[2020-04-16T11:33:23.196+0800][9.152s] GC(1) Metaspace: 20559K->20559K(1069056K)
[2020-04-16T11:33:23.196+0800][9.152s] GC(1) Pause Young (Concurrent Start) (Metadata GC Threshold) 110M->22M(512M) 37.457ms
[2020-04-16T11:33:23.196+0800][9.152s] GC(1) User=0.20s Sys=0.00s Real=0.04s
[2020-04-16T11:33:23.196+0800][9.152s] GC(2) Concurrent Cycle
[2020-04-16T11:33:23.196+0800][9.153s] GC(2) Concurrent Clear Claimed Marks
[2020-04-16T11:33:23.196+0800][9.153s] GC(2) Concurrent Clear Claimed Marks 0.168ms
[2020-04-16T11:33:23.196+0800][9.153s] GC(2) Concurrent Scan Root Regions
[2020-04-16T11:33:23.208+0800][9.164s] GC(2) Concurrent Scan Root Regions 11.591ms
[2020-04-16T11:33:23.208+0800][9.164s] GC(2) Concurrent Mark (9.164s)
[2020-04-16T11:33:23.208+0800][9.165s] GC(2) Concurrent Mark From Roots
[2020-04-16T11:33:23.208+0800][9.165s] GC(2) Using 3 workers of 3 for marking
[2020-04-16T11:33:23.221+0800][9.177s] GC(2) Concurrent Mark From Roots 12.943ms
[2020-04-16T11:33:23.221+0800][9.178s] GC(2) Concurrent Preclean
[2020-04-16T11:33:23.222+0800][9.178s] GC(2) Concurrent Preclean 0.592ms
[2020-04-16T11:33:23.222+0800][9.178s] GC(2) Concurrent Mark (9.164s, 9.178s) 13.799ms
[2020-04-16T11:33:23.222+0800][9.179s] GC(2) Pause Remark
[2020-04-16T11:33:23.225+0800][9.182s] GC(2) Cleaned string table, strings: 13189 processed, 0 removed
[2020-04-16T11:33:23.226+0800][9.182s] GC(2) Pause Remark 23M->23M(512M) 3.546ms
[2020-04-16T11:33:23.226+0800][9.182s] GC(2) User=0.00s Sys=0.00s Real=0.00s
[2020-04-16T11:33:23.226+0800][9.182s] GC(2) Concurrent Rebuild Remembered Sets
[2020-04-16T11:33:23.232+0800][9.188s] GC(2) Concurrent Rebuild Remembered Sets 5.638ms
[2020-04-16T11:33:23.232+0800][9.188s] GC(2) Pause Cleanup
[2020-04-16T11:33:23.232+0800][9.189s] GC(2) Pause Cleanup 23M->23M(512M) 0.297ms
[2020-04-16T11:33:23.232+0800][9.189s] GC(2) User=0.00s Sys=0.00s Real=0.00s
[2020-04-16T11:33:23.233+0800][9.189s] GC(2) Concurrent Cleanup for Next Mark
[2020-04-16T11:33:23.233+0800][9.190s] GC(2) Concurrent Cleanup for Next Mark 0.705ms
[2020-04-16T11:33:23.233+0800][9.190s] GC(2) Concurrent Cycle 37.567ms
[2020-04-16T11:33:25.439+0800][11.395s] GC(3) Pause Young (Normal) (G1 Evacuation Pause)
[2020-04-16T11:33:25.439+0800][11.395s] GC(3) Using 10 workers of 10 for evacuation
[2020-04-16T11:33:25.464+0800][11.420s] GC(3)   Pre Evacuate Collection Set: 0.0ms
[2020-04-16T11:33:25.464+0800][11.420s] GC(3)   Evacuate Collection Set: 22.8ms
[2020-04-16T11:33:25.464+0800][11.420s] GC(3)   Post Evacuate Collection Set: 1.7ms
[2020-04-16T11:33:25.464+0800][11.420s] GC(3)   Other: 0.4ms
[2020-04-16T11:33:25.465+0800][11.420s] GC(3) Eden regions: 63->0(112)
[2020-04-16T11:33:25.465+0800][11.420s] GC(3) Survivor regions: 19->5(11)
[2020-04-16T11:33:25.465+0800][11.421s] GC(3) Old regions: 0->19
[2020-04-16T11:33:25.465+0800][11.421s] GC(3) Archive regions: 0->0
[2020-04-16T11:33:25.465+0800][11.421s] GC(3) Humongous regions: 4->4
[2020-04-16T11:33:25.465+0800][11.421s] GC(3) Metaspace: 29273K->29273K(1075200K)
[2020-04-16T11:33:25.465+0800][11.421s] GC(3) Pause Young (Normal) (G1 Evacuation Pause) 85M->26M(512M) 25.842ms
[2020-04-16T11:33:25.465+0800][11.421s] GC(3) User=0.16s Sys=0.00s Real=0.03s
[2020-04-16T11:33:27.416+0800][13.372s] GC(4) Pause Young (Normal) (G1 Evacuation Pause)
[2020-04-16T11:33:27.416+0800][13.372s] GC(4) Using 10 workers of 10 for evacuation
[2020-04-16T11:33:27.425+0800][13.381s] GC(4)   Pre Evacuate Collection Set: 0.0ms
[2020-04-16T11:33:27.425+0800][13.381s] GC(4)   Evacuate Collection Set: 8.1ms
[2020-04-16T11:33:27.425+0800][13.381s] GC(4)   Post Evacuate Collection Set: 1.0ms
[2020-04-16T11:33:27.425+0800][13.381s] GC(4)   Other: 0.4ms
[2020-04-16T11:33:27.425+0800][13.382s] GC(4) Eden regions: 112->0(301)
[2020-04-16T11:33:27.425+0800][13.382s] GC(4) Survivor regions: 5->6(15)
[2020-04-16T11:33:27.425+0800][13.382s] GC(4) Old regions: 19->19
[2020-04-16T11:33:27.425+0800][13.382s] GC(4) Archive regions: 0->0
[2020-04-16T11:33:27.425+0800][13.382s] GC(4) Humongous regions: 4->4
[2020-04-16T11:33:27.425+0800][13.382s] GC(4) Metaspace: 33940K->33940K(1079296K)
[2020-04-16T11:33:27.425+0800][13.382s] GC(4) Pause Young (Normal) (G1 Evacuation Pause) 138M->27M(512M) 10.100ms
[2020-04-16T11:33:27.425+0800][13.382s] GC(4) User=0.14s Sys=0.02s Real=0.01s
[2020-04-16T11:33:27.854+0800][13.811s] GC(5) Pause Young (Concurrent Start) (Metadata GC Threshold)
[2020-04-16T11:33:27.855+0800][13.811s] GC(5) Using 10 workers of 10 for evacuation
[2020-04-16T11:33:27.870+0800][13.826s] GC(5)   Pre Evacuate Collection Set: 0.1ms
[2020-04-16T11:33:27.870+0800][13.826s] GC(5)   Evacuate Collection Set: 13.7ms
[2020-04-16T11:33:27.870+0800][13.826s] GC(5)   Post Evacuate Collection Set: 0.7ms
[2020-04-16T11:33:27.870+0800][13.826s] GC(5)   Other: 0.6ms
[2020-04-16T11:33:27.870+0800][13.826s] GC(5) Eden regions: 91->0(300)
[2020-04-16T11:33:27.870+0800][13.827s] GC(5) Survivor regions: 6->7(39)
[2020-04-16T11:33:27.870+0800][13.827s] GC(5) Old regions: 19->19
[2020-04-16T11:33:27.870+0800][13.827s] GC(5) Archive regions: 0->0
[2020-04-16T11:33:27.870+0800][13.827s] GC(5) Humongous regions: 5->4
[2020-04-16T11:33:27.870+0800][13.827s] GC(5) Metaspace: 34730K->34730K(1081344K)
[2020-04-16T11:33:27.870+0800][13.827s] GC(5) Pause Young (Concurrent Start) (Metadata GC Threshold) 119M->29M(512M) 15.732ms
[2020-04-16T11:33:27.870+0800][13.827s] GC(5) User=0.06s Sys=0.00s Real=0.02s
[2020-04-16T11:33:27.870+0800][13.827s] GC(6) Concurrent Cycle
[2020-04-16T11:33:27.871+0800][13.827s] GC(6) Concurrent Clear Claimed Marks
[2020-04-16T11:33:27.871+0800][13.827s] GC(6) Concurrent Clear Claimed Marks 0.133ms
[2020-04-16T11:33:27.871+0800][13.827s] GC(6) Concurrent Scan Root Regions
[2020-04-16T11:33:27.877+0800][13.833s] GC(6) Concurrent Scan Root Regions 5.941ms
[2020-04-16T11:33:27.877+0800][13.833s] GC(6) Concurrent Mark (13.833s)
[2020-04-16T11:33:27.877+0800][13.834s] GC(6) Concurrent Mark From Roots
[2020-04-16T11:33:27.877+0800][13.834s] GC(6) Using 3 workers of 3 for marking
[2020-04-16T11:33:27.917+0800][13.873s] GC(6) Concurrent Mark From Roots 39.706ms
[2020-04-16T11:33:27.917+0800][13.873s] GC(6) Concurrent Preclean
[2020-04-16T11:33:27.918+0800][13.874s] GC(6) Concurrent Preclean 0.587ms
[2020-04-16T11:33:27.918+0800][13.874s] GC(6) Concurrent Mark (13.833s, 13.874s) 40.676ms
[2020-04-16T11:33:27.919+0800][13.875s] GC(6) Pause Remark
[2020-04-16T11:33:27.922+0800][13.878s] GC(6) Cleaned string table, strings: 19880 processed, 24 removed
[2020-04-16T11:33:27.923+0800][13.879s] GC(6) Pause Remark 42M->42M(512M) 3.996ms
[2020-04-16T11:33:27.923+0800][13.879s] GC(6) User=0.03s Sys=0.00s Real=0.00s
[2020-04-16T11:33:27.923+0800][13.879s] GC(6) Concurrent Rebuild Remembered Sets
[2020-04-16T11:33:27.941+0800][13.897s] GC(6) Concurrent Rebuild Remembered Sets 18.142ms
[2020-04-16T11:33:27.942+0800][13.898s] GC(6) Pause Cleanup
[2020-04-16T11:33:27.942+0800][13.898s] GC(6) Pause Cleanup 43M->43M(512M) 0.253ms
[2020-04-16T11:33:27.942+0800][13.898s] GC(6) User=0.00s Sys=0.00s Real=0.00s
[2020-04-16T11:33:27.942+0800][13.898s] GC(6) Concurrent Cleanup for Next Mark
[2020-04-16T11:33:27.943+0800][13.899s] GC(6) Concurrent Cleanup for Next Mark 0.925ms
[2020-04-16T11:33:27.943+0800][13.900s] GC(6) Concurrent Cycle 72.567ms
[2020-04-16T12:47:52.412+0800][4478.368s] GC(7) Pause Young (Normal) (G1 Evacuation Pause)
[2020-04-16T12:47:52.412+0800][4478.368s] GC(7) Using 10 workers of 10 for evacuation
[2020-04-16T12:47:52.421+0800][4478.377s] GC(7)   Pre Evacuate Collection Set: 0.0ms
[2020-04-16T12:47:52.421+0800][4478.377s] GC(7)   Evacuate Collection Set: 7.6ms
[2020-04-16T12:47:52.421+0800][4478.377s] GC(7)   Post Evacuate Collection Set: 1.0ms
[2020-04-16T12:47:52.421+0800][4478.377s] GC(7)   Other: 0.2ms
[2020-04-16T12:47:52.421+0800][4478.377s] GC(7) Eden regions: 300->0(294)
[2020-04-16T12:47:52.421+0800][4478.377s] GC(7) Survivor regions: 7->13(39)
[2020-04-16T12:47:52.421+0800][4478.377s] GC(7) Old regions: 19->19
[2020-04-16T12:47:52.421+0800][4478.377s] GC(7) Archive regions: 0->0
[2020-04-16T12:47:52.421+0800][4478.377s] GC(7) Humongous regions: 4->4
[2020-04-16T12:47:52.421+0800][4478.377s] GC(7) Metaspace: 48581K->48581K(1093632K)
[2020-04-16T12:47:52.421+0800][4478.377s] GC(7) Pause Young (Normal) (G1 Evacuation Pause) 329M->35M(512M) 8.973ms
[2020-04-16T12:47:52.421+0800][4478.377s] GC(7) User=0.02s Sys=0.00s Real=0.01s
