[2020-04-10T18:09:50.361+0800][0.022s] Heap region size: 1M
[2020-04-10T18:09:50.529+0800][0.191s] Using G1
[2020-04-10T18:09:50.529+0800][0.191s] Heap address: 0x00000000e0000000, size: 512 MB, Compressed Oops mode: 32-bit
[2020-04-10T18:09:50.545+0800][0.206s] Periodic GC disabled
[2020-04-10T18:09:51.199+0800][0.860s] GC(0) Pause Young (Normal) (G1 Evacuation Pause)
[2020-04-10T18:09:51.200+0800][0.860s] GC(0) Using 10 workers of 10 for evacuation
[2020-04-10T18:09:51.202+0800][0.863s] GC(0)   Pre Evacuate Collection Set: 0.0ms
[2020-04-10T18:09:51.202+0800][0.863s] GC(0)   Evacuate Collection Set: 2.0ms
[2020-04-10T18:09:51.202+0800][0.863s] GC(0)   Post Evacuate Collection Set: 0.3ms
[2020-04-10T18:09:51.202+0800][0.863s] GC(0)   Other: 0.6ms
[2020-04-10T18:09:51.204+0800][0.864s] GC(0) Eden regions: 30->0(303)
[2020-04-10T18:09:51.204+0800][0.864s] GC(0) Survivor regions: 0->4(4)
[2020-04-10T18:09:51.204+0800][0.864s] GC(0) Old regions: 0->0
[2020-04-10T18:09:51.204+0800][0.864s] GC(0) Archive regions: 0->0
[2020-04-10T18:09:51.204+0800][0.864s] GC(0) Humongous regions: 0->0
[2020-04-10T18:09:51.204+0800][0.864s] GC(0) Metaspace: 8298K->8298K(1056768K)
[2020-04-10T18:09:51.204+0800][0.864s] GC(0) Pause Young (Normal) (G1 Evacuation Pause) 30M->3M(512M) 4.489ms
[2020-04-10T18:09:51.204+0800][0.864s] GC(0) User=0.00s Sys=0.00s Real=0.01s
[2020-04-10T18:09:52.492+0800][2.153s] GC(1) Pause Young (Concurrent Start) (Metadata GC Threshold)
[2020-04-10T18:09:52.492+0800][2.153s] GC(1) Using 10 workers of 10 for evacuation
[2020-04-10T18:09:52.502+0800][2.163s] GC(1)   Pre Evacuate Collection Set: 0.0ms
[2020-04-10T18:09:52.502+0800][2.163s] GC(1)   Evacuate Collection Set: 9.4ms
[2020-04-10T18:09:52.502+0800][2.163s] GC(1)   Post Evacuate Collection Set: 0.8ms
[2020-04-10T18:09:52.502+0800][2.163s] GC(1)   Other: 0.3ms
[2020-04-10T18:09:52.502+0800][2.163s] GC(1) Eden regions: 101->0(100)
[2020-04-10T18:09:52.502+0800][2.163s] GC(1) Survivor regions: 4->19(39)
[2020-04-10T18:09:52.502+0800][2.163s] GC(1) Old regions: 0->0
[2020-04-10T18:09:52.502+0800][2.163s] GC(1) Archive regions: 0->0
[2020-04-10T18:09:52.502+0800][2.163s] GC(1) Humongous regions: 4->4
[2020-04-10T18:09:52.502+0800][2.163s] GC(1) Metaspace: 20524K->20524K(1069056K)
[2020-04-10T18:09:52.502+0800][2.163s] GC(1) Pause Young (Concurrent Start) (Metadata GC Threshold) 108M->22M(512M) 10.628ms
[2020-04-10T18:09:52.502+0800][2.163s] GC(1) User=0.16s Sys=0.00s Real=0.01s
[2020-04-10T18:09:52.502+0800][2.163s] GC(2) Concurrent Cycle
[2020-04-10T18:09:52.502+0800][2.164s] GC(2) Concurrent Clear Claimed Marks
[2020-04-10T18:09:52.502+0800][2.164s] GC(2) Concurrent Clear Claimed Marks 0.034ms
[2020-04-10T18:09:52.502+0800][2.164s] GC(2) Concurrent Scan Root Regions
[2020-04-10T18:09:52.506+0800][2.167s] GC(2) Concurrent Scan Root Regions 3.133ms
[2020-04-10T18:09:52.506+0800][2.167s] GC(2) Concurrent Mark (2.167s)
[2020-04-10T18:09:52.506+0800][2.167s] GC(2) Concurrent Mark From Roots
[2020-04-10T18:09:52.506+0800][2.167s] GC(2) Using 3 workers of 3 for marking
[2020-04-10T18:09:52.510+0800][2.171s] GC(2) Concurrent Mark From Roots 3.938ms
[2020-04-10T18:09:52.510+0800][2.171s] GC(2) Concurrent Preclean
[2020-04-10T18:09:52.510+0800][2.171s] GC(2) Concurrent Preclean 0.143ms
[2020-04-10T18:09:52.510+0800][2.171s] GC(2) Concurrent Mark (2.167s, 2.171s) 4.163ms
[2020-04-10T18:09:52.510+0800][2.171s] GC(2) Pause Remark
[2020-04-10T18:09:52.510+0800][2.172s] GC(2) Cleaned string table, strings: 13192 processed, 0 removed
[2020-04-10T18:09:52.511+0800][2.172s] GC(2) Pause Remark 23M->23M(512M) 0.663ms
[2020-04-10T18:09:52.511+0800][2.172s] GC(2) User=0.00s Sys=0.00s Real=0.00s
[2020-04-10T18:09:52.511+0800][2.172s] GC(2) Concurrent Rebuild Remembered Sets
[2020-04-10T18:09:52.512+0800][2.173s] GC(2) Concurrent Rebuild Remembered Sets 1.545ms
[2020-04-10T18:09:52.512+0800][2.174s] GC(2) Pause Cleanup
[2020-04-10T18:09:52.513+0800][2.174s] GC(2) Pause Cleanup 23M->23M(512M) 0.083ms
[2020-04-10T18:09:52.513+0800][2.174s] GC(2) User=0.00s Sys=0.00s Real=0.00s
[2020-04-10T18:09:52.513+0800][2.174s] GC(2) Concurrent Cleanup for Next Mark
[2020-04-10T18:09:52.513+0800][2.174s] GC(2) Concurrent Cleanup for Next Mark 0.316ms
[2020-04-10T18:09:52.513+0800][2.174s] GC(2) Concurrent Cycle 10.599ms
[2020-04-10T18:09:53.155+0800][2.817s] GC(3) Pause Young (Normal) (G1 Evacuation Pause)
[2020-04-10T18:09:53.155+0800][2.817s] GC(3) Using 10 workers of 10 for evacuation
[2020-04-10T18:09:53.163+0800][2.825s] GC(3)   Pre Evacuate Collection Set: 0.0ms
[2020-04-10T18:09:53.163+0800][2.825s] GC(3)   Evacuate Collection Set: 7.2ms
[2020-04-10T18:09:53.163+0800][2.825s] GC(3)   Post Evacuate Collection Set: 0.5ms
[2020-04-10T18:09:53.163+0800][2.825s] GC(3)   Other: 0.1ms
[2020-04-10T18:09:53.163+0800][2.825s] GC(3) Eden regions: 67->0(115)
[2020-04-10T18:09:53.163+0800][2.825s] GC(3) Survivor regions: 19->4(11)
[2020-04-10T18:09:53.163+0800][2.825s] GC(3) Old regions: 0->19
[2020-04-10T18:09:53.163+0800][2.825s] GC(3) Archive regions: 0->0
[2020-04-10T18:09:53.163+0800][2.825s] GC(3) Humongous regions: 4->4
[2020-04-10T18:09:53.163+0800][2.825s] GC(3) Metaspace: 29463K->29463K(1075200K)
[2020-04-10T18:09:53.163+0800][2.825s] GC(3) Pause Young (Normal) (G1 Evacuation Pause) 89M->26M(512M) 8.049ms
[2020-04-10T18:09:53.163+0800][2.825s] GC(3) User=0.19s Sys=0.00s Real=0.01s
[2020-04-10T18:09:53.604+0800][3.265s] GC(4) Pause Young (Normal) (G1 Evacuation Pause)
[2020-04-10T18:09:53.604+0800][3.265s] GC(4) Using 10 workers of 10 for evacuation
[2020-04-10T18:09:53.606+0800][3.268s] GC(4)   Pre Evacuate Collection Set: 0.0ms
[2020-04-10T18:09:53.606+0800][3.268s] GC(4)   Evacuate Collection Set: 2.1ms
[2020-04-10T18:09:53.606+0800][3.268s] GC(4)   Post Evacuate Collection Set: 0.2ms
[2020-04-10T18:09:53.607+0800][3.268s] GC(4)   Other: 0.1ms
[2020-04-10T18:09:53.607+0800][3.268s] GC(4) Eden regions: 115->0(146)
[2020-04-10T18:09:53.607+0800][3.268s] GC(4) Survivor regions: 4->6(15)
[2020-04-10T18:09:53.607+0800][3.268s] GC(4) Old regions: 19->19
[2020-04-10T18:09:53.607+0800][3.268s] GC(4) Archive regions: 0->0
[2020-04-10T18:09:53.607+0800][3.268s] GC(4) Humongous regions: 4->4
[2020-04-10T18:09:53.607+0800][3.268s] GC(4) Metaspace: 33930K->33930K(1079296K)
[2020-04-10T18:09:53.607+0800][3.268s] GC(4) Pause Young (Normal) (G1 Evacuation Pause) 141M->28M(512M) 2.662ms
[2020-04-10T18:09:53.607+0800][3.268s] GC(4) User=0.00s Sys=0.00s Real=0.00s
[2020-04-10T18:09:53.756+0800][3.417s] GC(5) Pause Young (Concurrent Start) (Metadata GC Threshold)
[2020-04-10T18:09:53.756+0800][3.417s] GC(5) Using 10 workers of 10 for evacuation
[2020-04-10T18:09:53.760+0800][3.421s] GC(5)   Pre Evacuate Collection Set: 0.0ms
[2020-04-10T18:09:53.760+0800][3.421s] GC(5)   Evacuate Collection Set: 3.1ms
[2020-04-10T18:09:53.760+0800][3.421s] GC(5)   Post Evacuate Collection Set: 0.2ms
[2020-04-10T18:09:53.760+0800][3.421s] GC(5)   Other: 0.1ms
[2020-04-10T18:09:53.760+0800][3.421s] GC(5) Eden regions: 99->0(156)
[2020-04-10T18:09:53.760+0800][3.421s] GC(5) Survivor regions: 6->7(19)
[2020-04-10T18:09:53.760+0800][3.421s] GC(5) Old regions: 19->19
[2020-04-10T18:09:53.760+0800][3.421s] GC(5) Archive regions: 0->0
[2020-04-10T18:09:53.760+0800][3.421s] GC(5) Humongous regions: 5->4
[2020-04-10T18:09:53.760+0800][3.421s] GC(5) Metaspace: 34632K->34632K(1081344K)
[2020-04-10T18:09:53.760+0800][3.421s] GC(5) Pause Young (Concurrent Start) (Metadata GC Threshold) 128M->29M(512M) 3.625ms
[2020-04-10T18:09:53.760+0800][3.421s] GC(5) User=0.00s Sys=0.00s Real=0.00s
[2020-04-10T18:09:53.760+0800][3.421s] GC(6) Concurrent Cycle
[2020-04-10T18:09:53.760+0800][3.421s] GC(6) Concurrent Clear Claimed Marks
[2020-04-10T18:09:53.760+0800][3.421s] GC(6) Concurrent Clear Claimed Marks 0.031ms
[2020-04-10T18:09:53.760+0800][3.421s] GC(6) Concurrent Scan Root Regions
[2020-04-10T18:09:53.762+0800][3.423s] GC(6) Concurrent Scan Root Regions 1.643ms
[2020-04-10T18:09:53.762+0800][3.423s] GC(6) Concurrent Mark (3.423s)
[2020-04-10T18:09:53.762+0800][3.423s] GC(6) Concurrent Mark From Roots
[2020-04-10T18:09:53.762+0800][3.423s] GC(6) Using 3 workers of 3 for marking
[2020-04-10T18:09:53.772+0800][3.433s] GC(6) Concurrent Mark From Roots 10.092ms
[2020-04-10T18:09:53.772+0800][3.433s] GC(6) Concurrent Preclean
[2020-04-10T18:09:53.772+0800][3.433s] GC(6) Concurrent Preclean 0.205ms
[2020-04-10T18:09:53.772+0800][3.433s] GC(6) Concurrent Mark (3.423s, 3.433s) 10.373ms
[2020-04-10T18:09:53.772+0800][3.433s] GC(6) Pause Remark
[2020-04-10T18:09:53.773+0800][3.434s] GC(6) Cleaned string table, strings: 19837 processed, 25 removed
[2020-04-10T18:09:53.773+0800][3.434s] GC(6) Pause Remark 30M->30M(512M) 0.951ms
[2020-04-10T18:09:53.773+0800][3.434s] GC(6) User=0.00s Sys=0.00s Real=0.00s
[2020-04-10T18:09:53.773+0800][3.434s] GC(6) Concurrent Rebuild Remembered Sets
[2020-04-10T18:09:53.777+0800][3.438s] GC(6) Concurrent Rebuild Remembered Sets 3.793ms
[2020-04-10T18:09:53.777+0800][3.438s] GC(6) Pause Cleanup
[2020-04-10T18:09:53.777+0800][3.438s] GC(6) Pause Cleanup 31M->31M(512M) 0.075ms
[2020-04-10T18:09:53.777+0800][3.438s] GC(6) User=0.00s Sys=0.00s Real=0.00s
[2020-04-10T18:09:53.777+0800][3.438s] GC(6) Concurrent Cleanup for Next Mark
[2020-04-10T18:09:53.778+0800][3.438s] GC(6) Concurrent Cleanup for Next Mark 0.284ms
[2020-04-10T18:09:53.778+0800][3.438s] GC(6) Concurrent Cycle 17.713ms
[2020-04-10T18:10:08.203+0800][17.864s] GC(7) Pause Young (Normal) (G1 Evacuation Pause)
[2020-04-10T18:10:08.203+0800][17.865s] GC(7) Using 10 workers of 10 for evacuation
[2020-04-10T18:10:08.208+0800][17.869s] GC(7)   Pre Evacuate Collection Set: 0.0ms
[2020-04-10T18:10:08.208+0800][17.869s] GC(7)   Evacuate Collection Set: 4.3ms
[2020-04-10T18:10:08.208+0800][17.869s] GC(7)   Post Evacuate Collection Set: 0.5ms
[2020-04-10T18:10:08.208+0800][17.869s] GC(7)   Other: 0.1ms
[2020-04-10T18:10:08.208+0800][17.870s] GC(7) Eden regions: 157->0(243)
[2020-04-10T18:10:08.208+0800][17.870s] GC(7) Survivor regions: 7->13(21)
[2020-04-10T18:10:08.208+0800][17.870s] GC(7) Old regions: 19->19
[2020-04-10T18:10:08.208+0800][17.870s] GC(7) Archive regions: 0->0
[2020-04-10T18:10:08.208+0800][17.870s] GC(7) Humongous regions: 4->4
[2020-04-10T18:10:08.208+0800][17.870s] GC(7) Metaspace: 45058K->45058K(1089536K)
[2020-04-10T18:10:08.208+0800][17.870s] GC(7) Pause Young (Normal) (G1 Evacuation Pause) 186M->34M(512M) 5.123ms
[2020-04-10T18:10:08.208+0800][17.870s] GC(7) User=0.16s Sys=0.00s Real=0.00s
