[2020-03-06T16:40:46.880+0800][0.085s] Heap region size: 1M
[2020-03-06T16:40:47.449+0800][0.655s] Using G1
[2020-03-06T16:40:47.449+0800][0.655s] Heap address: 0x00000000e0000000, size: 512 MB, Compressed Oops mode: 32-bit
[2020-03-06T16:40:47.497+0800][0.702s] Periodic GC disabled
[2020-03-06T16:40:50.806+0800][4.012s] GC(0) Pause Young (Normal) (G1 Evacuation Pause)
[2020-03-06T16:40:50.808+0800][4.013s] GC(0) Using 10 workers of 10 for evacuation
[2020-03-06T16:40:50.816+0800][4.022s] GC(0)   Pre Evacuate Collection Set: 0.0ms
[2020-03-06T16:40:50.816+0800][4.022s] GC(0)   Evacuate Collection Set: 7.2ms
[2020-03-06T16:40:50.817+0800][4.022s] GC(0)   Post Evacuate Collection Set: 1.0ms
[2020-03-06T16:40:50.817+0800][4.022s] GC(0)   Other: 1.8ms
[2020-03-06T16:40:50.817+0800][4.023s] GC(0) Eden regions: 30->0(303)
[2020-03-06T16:40:50.818+0800][4.023s] GC(0) Survivor regions: 0->4(4)
[2020-03-06T16:40:50.818+0800][4.023s] GC(0) Old regions: 0->0
[2020-03-06T16:40:50.818+0800][4.023s] GC(0) Archive regions: 0->0
[2020-03-06T16:40:50.818+0800][4.023s] GC(0) Humongous regions: 0->0
[2020-03-06T16:40:50.818+0800][4.023s] GC(0) Metaspace: 8371K->8371K(1056768K)
[2020-03-06T16:40:50.818+0800][4.023s] GC(0) Pause Young (Normal) (G1 Evacuation Pause) 30M->3M(512M) 11.568ms
[2020-03-06T16:40:50.818+0800][4.023s] GC(0) User=0.03s Sys=0.00s Real=0.01s
[2020-03-06T16:40:56.359+0800][9.565s] GC(1) Pause Young (Concurrent Start) (Metadata GC Threshold)
[2020-03-06T16:40:56.359+0800][9.565s] GC(1) Using 10 workers of 10 for evacuation
[2020-03-06T16:40:56.398+0800][9.604s] GC(1)   Pre Evacuate Collection Set: 0.1ms
[2020-03-06T16:40:56.399+0800][9.604s] GC(1)   Evacuate Collection Set: 35.8ms
[2020-03-06T16:40:56.399+0800][9.604s] GC(1)   Post Evacuate Collection Set: 2.6ms
[2020-03-06T16:40:56.399+0800][9.604s] GC(1)   Other: 0.7ms
[2020-03-06T16:40:56.399+0800][9.605s] GC(1) Eden regions: 103->0(96)
[2020-03-06T16:40:56.399+0800][9.605s] GC(1) Survivor regions: 4->19(39)
[2020-03-06T16:40:56.399+0800][9.605s] GC(1) Old regions: 0->0
[2020-03-06T16:40:56.399+0800][9.605s] GC(1) Archive regions: 0->0
[2020-03-06T16:40:56.399+0800][9.605s] GC(1) Humongous regions: 4->4
[2020-03-06T16:40:56.399+0800][9.605s] GC(1) Metaspace: 20576K->20576K(1069056K)
[2020-03-06T16:40:56.400+0800][9.605s] GC(1) Pause Young (Concurrent Start) (Metadata GC Threshold) 110M->22M(512M) 40.155ms
[2020-03-06T16:40:56.400+0800][9.605s] GC(1) User=0.11s Sys=0.00s Real=0.04s
[2020-03-06T16:40:56.400+0800][9.605s] GC(2) Concurrent Cycle
[2020-03-06T16:40:56.400+0800][9.605s] GC(2) Concurrent Clear Claimed Marks
[2020-03-06T16:40:56.400+0800][9.606s] GC(2) Concurrent Clear Claimed Marks 0.166ms
[2020-03-06T16:40:56.400+0800][9.606s] GC(2) Concurrent Scan Root Regions
[2020-03-06T16:40:56.411+0800][9.617s] GC(2) Concurrent Scan Root Regions 10.873ms
[2020-03-06T16:40:56.411+0800][9.617s] GC(2) Concurrent Mark (9.617s)
[2020-03-06T16:40:56.411+0800][9.617s] GC(2) Concurrent Mark From Roots
[2020-03-06T16:40:56.411+0800][9.617s] GC(2) Using 3 workers of 3 for marking
[2020-03-06T16:40:56.425+0800][9.631s] GC(2) Concurrent Mark From Roots 13.948ms
[2020-03-06T16:40:56.425+0800][9.631s] GC(2) Concurrent Preclean
[2020-03-06T16:40:56.426+0800][9.632s] GC(2) Concurrent Preclean 0.593ms
[2020-03-06T16:40:56.426+0800][9.632s] GC(2) Concurrent Mark (9.617s, 9.632s) 14.884ms
[2020-03-06T16:40:56.427+0800][9.632s] GC(2) Pause Remark
[2020-03-06T16:40:56.429+0800][9.634s] GC(2) Cleaned string table, strings: 13175 processed, 0 removed
[2020-03-06T16:40:56.430+0800][9.635s] GC(2) Pause Remark 23M->23M(512M) 2.959ms
[2020-03-06T16:40:56.430+0800][9.635s] GC(2) User=0.02s Sys=0.00s Real=0.00s
[2020-03-06T16:40:56.430+0800][9.636s] GC(2) Concurrent Rebuild Remembered Sets
[2020-03-06T16:40:56.435+0800][9.640s] GC(2) Concurrent Rebuild Remembered Sets 4.558ms
[2020-03-06T16:40:56.435+0800][9.641s] GC(2) Pause Cleanup
[2020-03-06T16:40:56.436+0800][9.641s] GC(2) Pause Cleanup 23M->23M(512M) 0.372ms
[2020-03-06T16:40:56.436+0800][9.641s] GC(2) User=0.00s Sys=0.00s Real=0.00s
[2020-03-06T16:40:56.436+0800][9.642s] GC(2) Concurrent Cleanup for Next Mark
[2020-03-06T16:40:56.437+0800][9.642s] GC(2) Concurrent Cleanup for Next Mark 0.706ms
[2020-03-06T16:40:56.437+0800][9.642s] GC(2) Concurrent Cycle 37.200ms
[2020-03-06T16:40:59.441+0800][12.646s] GC(3) Pause Young (Normal) (G1 Evacuation Pause)
[2020-03-06T16:40:59.441+0800][12.647s] GC(3) Using 10 workers of 10 for evacuation
[2020-03-06T16:40:59.472+0800][12.677s] GC(3)   Pre Evacuate Collection Set: 0.0ms
[2020-03-06T16:40:59.472+0800][12.677s] GC(3)   Evacuate Collection Set: 28.1ms
[2020-03-06T16:40:59.472+0800][12.677s] GC(3)   Post Evacuate Collection Set: 2.0ms
[2020-03-06T16:40:59.472+0800][12.677s] GC(3)   Other: 0.4ms
[2020-03-06T16:40:59.472+0800][12.677s] GC(3) Eden regions: 68->0(112)
[2020-03-06T16:40:59.472+0800][12.677s] GC(3) Survivor regions: 19->5(11)
[2020-03-06T16:40:59.472+0800][12.677s] GC(3) Old regions: 0->19
[2020-03-06T16:40:59.472+0800][12.677s] GC(3) Archive regions: 0->0
[2020-03-06T16:40:59.472+0800][12.677s] GC(3) Humongous regions: 4->4
[2020-03-06T16:40:59.472+0800][12.677s] GC(3) Metaspace: 29416K->29416K(1075200K)
[2020-03-06T16:40:59.472+0800][12.677s] GC(3) Pause Young (Normal) (G1 Evacuation Pause) 90M->26M(512M) 31.059ms
[2020-03-06T16:40:59.472+0800][12.678s] GC(3) User=0.25s Sys=0.00s Real=0.03s
[2020-03-06T16:41:01.481+0800][14.687s] GC(4) Pause Young (Normal) (G1 Evacuation Pause)
[2020-03-06T16:41:01.482+0800][14.687s] GC(4) Using 10 workers of 10 for evacuation
[2020-03-06T16:41:01.491+0800][14.696s] GC(4)   Pre Evacuate Collection Set: 0.0ms
[2020-03-06T16:41:01.491+0800][14.696s] GC(4)   Evacuate Collection Set: 8.0ms
[2020-03-06T16:41:01.491+0800][14.697s] GC(4)   Post Evacuate Collection Set: 0.8ms
[2020-03-06T16:41:01.491+0800][14.697s] GC(4)   Other: 0.6ms
[2020-03-06T16:41:01.491+0800][14.697s] GC(4) Eden regions: 112->0(187)
[2020-03-06T16:41:01.491+0800][14.697s] GC(4) Survivor regions: 5->6(15)
[2020-03-06T16:41:01.491+0800][14.697s] GC(4) Old regions: 19->19
[2020-03-06T16:41:01.491+0800][14.697s] GC(4) Archive regions: 0->0
[2020-03-06T16:41:01.492+0800][14.697s] GC(4) Humongous regions: 4->4
[2020-03-06T16:41:01.492+0800][14.697s] GC(4) Metaspace: 33901K->33901K(1079296K)
[2020-03-06T16:41:01.492+0800][14.697s] GC(4) Pause Young (Normal) (G1 Evacuation Pause) 138M->27M(512M) 10.261ms
[2020-03-06T16:41:01.492+0800][14.697s] GC(4) User=0.14s Sys=0.00s Real=0.01s
[2020-03-06T16:41:02.002+0800][15.207s] GC(5) Pause Young (Concurrent Start) (Metadata GC Threshold)
[2020-03-06T16:41:02.002+0800][15.207s] GC(5) Using 10 workers of 10 for evacuation
[2020-03-06T16:41:02.018+0800][15.223s] GC(5)   Pre Evacuate Collection Set: 0.1ms
[2020-03-06T16:41:02.018+0800][15.223s] GC(5)   Evacuate Collection Set: 14.5ms
[2020-03-06T16:41:02.018+0800][15.223s] GC(5)   Post Evacuate Collection Set: 0.8ms
[2020-03-06T16:41:02.018+0800][15.223s] GC(5)   Other: 0.6ms
[2020-03-06T16:41:02.018+0800][15.223s] GC(5) Eden regions: 97->0(212)
[2020-03-06T16:41:02.018+0800][15.223s] GC(5) Survivor regions: 6->7(25)
[2020-03-06T16:41:02.018+0800][15.223s] GC(5) Old regions: 19->19
[2020-03-06T16:41:02.018+0800][15.223s] GC(5) Archive regions: 0->0
[2020-03-06T16:41:02.018+0800][15.223s] GC(5) Humongous regions: 5->4
[2020-03-06T16:41:02.018+0800][15.223s] GC(5) Metaspace: 34671K->34671K(1081344K)
[2020-03-06T16:41:02.018+0800][15.223s] GC(5) Pause Young (Concurrent Start) (Metadata GC Threshold) 125M->29M(512M) 16.630ms
[2020-03-06T16:41:02.018+0800][15.223s] GC(5) User=0.05s Sys=0.00s Real=0.02s
[2020-03-06T16:41:02.019+0800][15.224s] GC(6) Concurrent Cycle
[2020-03-06T16:41:02.019+0800][15.224s] GC(6) Concurrent Clear Claimed Marks
[2020-03-06T16:41:02.019+0800][15.224s] GC(6) Concurrent Clear Claimed Marks 0.208ms
[2020-03-06T16:41:02.019+0800][15.224s] GC(6) Concurrent Scan Root Regions
[2020-03-06T16:41:02.025+0800][15.230s] GC(6) Concurrent Scan Root Regions 6.198ms
[2020-03-06T16:41:02.025+0800][15.230s] GC(6) Concurrent Mark (15.230s)
[2020-03-06T16:41:02.025+0800][15.231s] GC(6) Concurrent Mark From Roots
[2020-03-06T16:41:02.026+0800][15.231s] GC(6) Using 3 workers of 3 for marking
[2020-03-06T16:41:02.075+0800][15.280s] GC(6) Concurrent Mark From Roots 49.729ms
[2020-03-06T16:41:02.076+0800][15.280s] GC(6) Concurrent Preclean
[2020-03-06T16:41:02.076+0800][15.281s] GC(6) Concurrent Preclean 0.788ms
[2020-03-06T16:41:02.076+0800][15.281s] GC(6) Concurrent Mark (15.230s, 15.281s) 50.985ms
[2020-03-06T16:41:02.077+0800][15.282s] GC(6) Pause Remark
[2020-03-06T16:41:02.080+0800][15.285s] GC(6) Cleaned string table, strings: 19842 processed, 25 removed
[2020-03-06T16:41:02.081+0800][15.286s] GC(6) Pause Remark 33M->33M(512M) 4.174ms
[2020-03-06T16:41:02.081+0800][15.286s] GC(6) User=0.00s Sys=0.00s Real=0.00s
[2020-03-06T16:41:02.081+0800][15.286s] GC(6) Concurrent Rebuild Remembered Sets
[2020-03-06T16:41:02.107+0800][15.313s] GC(6) Concurrent Rebuild Remembered Sets 26.078ms
[2020-03-06T16:41:02.107+0800][15.313s] GC(6) Pause Cleanup
[2020-03-06T16:41:02.107+0800][15.313s] GC(6) Pause Cleanup 35M->35M(512M) 0.291ms
[2020-03-06T16:41:02.107+0800][15.314s] GC(6) User=0.00s Sys=0.00s Real=0.00s
[2020-03-06T16:41:02.109+0800][15.314s] GC(6) Concurrent Cleanup for Next Mark
[2020-03-06T16:41:02.109+0800][15.315s] GC(6) Concurrent Cleanup for Next Mark 0.722ms
[2020-03-06T16:41:02.109+0800][15.315s] GC(6) Concurrent Cycle 91.097ms
[2020-03-06T16:42:34.147+0800][107.352s] GC(7) Pause Young (Normal) (G1 Evacuation Pause)
[2020-03-06T16:42:34.147+0800][107.352s] GC(7) Using 10 workers of 10 for evacuation
[2020-03-06T16:42:34.164+0800][107.370s] GC(7)   Pre Evacuate Collection Set: 0.0ms
[2020-03-06T16:42:34.164+0800][107.370s] GC(7)   Evacuate Collection Set: 15.6ms
[2020-03-06T16:42:34.164+0800][107.370s] GC(7)   Post Evacuate Collection Set: 2.0ms
[2020-03-06T16:42:34.164+0800][107.370s] GC(7)   Other: 0.6ms
[2020-03-06T16:42:34.164+0800][107.370s] GC(7) Eden regions: 210->0(254)
[2020-03-06T16:42:34.166+0800][107.371s] GC(7) Survivor regions: 7->14(28)
[2020-03-06T16:42:34.166+0800][107.371s] GC(7) Old regions: 19->19
[2020-03-06T16:42:34.166+0800][107.371s] GC(7) Archive regions: 0->0
[2020-03-06T16:42:34.166+0800][107.371s] GC(7) Humongous regions: 11->7
[2020-03-06T16:42:34.166+0800][107.371s] GC(7) Metaspace: 48480K->48480K(1093632K)
[2020-03-06T16:42:34.166+0800][107.371s] GC(7) Pause Young (Normal) (G1 Evacuation Pause) 246M->38M(512M) 18.946ms
[2020-03-06T16:42:34.166+0800][107.371s] GC(7) User=0.16s Sys=0.00s Real=0.02s
