[2020-03-10T22:07:53.163+0800][0.078s] Heap region size: 1M
[2020-03-10T22:07:53.779+0800][0.694s] Using G1
[2020-03-10T22:07:53.779+0800][0.694s] Heap address: 0x00000000e0000000, size: 512 MB, Compressed Oops mode: 32-bit
[2020-03-10T22:07:53.835+0800][0.749s] Periodic GC disabled
[2020-03-10T22:07:56.125+0800][3.040s] GC(0) Pause Young (Normal) (G1 Evacuation Pause)
[2020-03-10T22:07:56.127+0800][3.041s] GC(0) Using 10 workers of 10 for evacuation
[2020-03-10T22:07:56.136+0800][3.050s] GC(0)   Pre Evacuate Collection Set: 0.0ms
[2020-03-10T22:07:56.136+0800][3.050s] GC(0)   Evacuate Collection Set: 7.5ms
[2020-03-10T22:07:56.136+0800][3.051s] GC(0)   Post Evacuate Collection Set: 1.0ms
[2020-03-10T22:07:56.136+0800][3.051s] GC(0)   Other: 1.6ms
[2020-03-10T22:07:56.138+0800][3.052s] GC(0) Eden regions: 30->0(303)
[2020-03-10T22:07:56.138+0800][3.052s] GC(0) Survivor regions: 0->4(4)
[2020-03-10T22:07:56.138+0800][3.052s] GC(0) Old regions: 0->0
[2020-03-10T22:07:56.138+0800][3.053s] GC(0) Archive regions: 0->0
[2020-03-10T22:07:56.138+0800][3.053s] GC(0) Humongous regions: 0->0
[2020-03-10T22:07:56.138+0800][3.053s] GC(0) Metaspace: 8378K->8378K(1056768K)
[2020-03-10T22:07:56.138+0800][3.053s] GC(0) Pause Young (Normal) (G1 Evacuation Pause) 30M->3M(512M) 12.538ms
[2020-03-10T22:07:56.138+0800][3.053s] GC(0) User=0.00s Sys=0.00s Real=0.01s
[2020-03-10T22:08:00.928+0800][7.843s] GC(1) Pause Young (Concurrent Start) (Metadata GC Threshold)
[2020-03-10T22:08:00.929+0800][7.844s] GC(1) Using 10 workers of 10 for evacuation
[2020-03-10T22:08:00.959+0800][7.874s] GC(1)   Pre Evacuate Collection Set: 0.0ms
[2020-03-10T22:08:00.960+0800][7.874s] GC(1)   Evacuate Collection Set: 27.9ms
[2020-03-10T22:08:00.960+0800][7.874s] GC(1)   Post Evacuate Collection Set: 2.2ms
[2020-03-10T22:08:00.960+0800][7.875s] GC(1)   Other: 0.7ms
[2020-03-10T22:08:00.960+0800][7.875s] GC(1) Eden regions: 103->0(96)
[2020-03-10T22:08:00.960+0800][7.875s] GC(1) Survivor regions: 4->19(39)
[2020-03-10T22:08:00.960+0800][7.875s] GC(1) Old regions: 0->0
[2020-03-10T22:08:00.960+0800][7.875s] GC(1) Archive regions: 0->0
[2020-03-10T22:08:00.960+0800][7.875s] GC(1) Humongous regions: 4->4
[2020-03-10T22:08:00.960+0800][7.875s] GC(1) Metaspace: 20542K->20542K(1069056K)
[2020-03-10T22:08:00.960+0800][7.875s] GC(1) Pause Young (Concurrent Start) (Metadata GC Threshold) 110M->22M(512M) 31.645ms
[2020-03-10T22:08:00.960+0800][7.875s] GC(1) User=0.22s Sys=0.00s Real=0.03s
[2020-03-10T22:08:00.960+0800][7.875s] GC(2) Concurrent Cycle
[2020-03-10T22:08:00.961+0800][7.875s] GC(2) Concurrent Clear Claimed Marks
[2020-03-10T22:08:00.961+0800][7.875s] GC(2) Concurrent Clear Claimed Marks 0.110ms
[2020-03-10T22:08:00.961+0800][7.875s] GC(2) Concurrent Scan Root Regions
[2020-03-10T22:08:00.971+0800][7.886s] GC(2) Concurrent Scan Root Regions 10.220ms
[2020-03-10T22:08:00.971+0800][7.886s] GC(2) Concurrent Mark (7.886s)
[2020-03-10T22:08:00.971+0800][7.886s] GC(2) Concurrent Mark From Roots
[2020-03-10T22:08:00.971+0800][7.886s] GC(2) Using 3 workers of 3 for marking
[2020-03-10T22:08:00.987+0800][7.902s] GC(2) Concurrent Mark From Roots 15.769ms
[2020-03-10T22:08:00.987+0800][7.902s] GC(2) Concurrent Preclean
[2020-03-10T22:08:00.988+0800][7.902s] GC(2) Concurrent Preclean 0.595ms
[2020-03-10T22:08:00.988+0800][7.902s] GC(2) Concurrent Mark (7.886s, 7.902s) 16.637ms
[2020-03-10T22:08:00.988+0800][7.903s] GC(2) Pause Remark
[2020-03-10T22:08:00.990+0800][7.905s] GC(2) Cleaned string table, strings: 13172 processed, 0 removed
[2020-03-10T22:08:00.991+0800][7.905s] GC(2) Pause Remark 23M->23M(512M) 2.515ms
[2020-03-10T22:08:00.991+0800][7.906s] GC(2) User=0.00s Sys=0.00s Real=0.00s
[2020-03-10T22:08:00.991+0800][7.906s] GC(2) Concurrent Rebuild Remembered Sets
[2020-03-10T22:08:00.995+0800][7.909s] GC(2) Concurrent Rebuild Remembered Sets 3.699ms
[2020-03-10T22:08:00.995+0800][7.910s] GC(2) Pause Cleanup
[2020-03-10T22:08:00.996+0800][7.910s] GC(2) Pause Cleanup 23M->23M(512M) 0.300ms
[2020-03-10T22:08:00.996+0800][7.910s] GC(2) User=0.00s Sys=0.00s Real=0.00s
[2020-03-10T22:08:00.996+0800][7.911s] GC(2) Concurrent Cleanup for Next Mark
[2020-03-10T22:08:00.997+0800][7.911s] GC(2) Concurrent Cleanup for Next Mark 0.708ms
[2020-03-10T22:08:00.997+0800][7.912s] GC(2) Concurrent Cycle 36.354ms
[2020-03-10T22:08:02.918+0800][9.833s] GC(3) Pause Young (Normal) (G1 Evacuation Pause)
[2020-03-10T22:08:02.919+0800][9.833s] GC(3) Using 10 workers of 10 for evacuation
[2020-03-10T22:08:02.945+0800][9.860s] GC(3)   Pre Evacuate Collection Set: 0.0ms
[2020-03-10T22:08:02.945+0800][9.860s] GC(3)   Evacuate Collection Set: 24.5ms
[2020-03-10T22:08:02.945+0800][9.860s] GC(3)   Post Evacuate Collection Set: 1.7ms
[2020-03-10T22:08:02.945+0800][9.860s] GC(3)   Other: 0.3ms
[2020-03-10T22:08:02.945+0800][9.860s] GC(3) Eden regions: 66->0(111)
[2020-03-10T22:08:02.945+0800][9.860s] GC(3) Survivor regions: 19->4(11)
[2020-03-10T22:08:02.945+0800][9.860s] GC(3) Old regions: 0->19
[2020-03-10T22:08:02.945+0800][9.860s] GC(3) Archive regions: 0->0
[2020-03-10T22:08:02.945+0800][9.860s] GC(3) Humongous regions: 4->4
[2020-03-10T22:08:02.945+0800][9.860s] GC(3) Metaspace: 29333K->29333K(1075200K)
[2020-03-10T22:08:02.946+0800][9.860s] GC(3) Pause Young (Normal) (G1 Evacuation Pause) 88M->26M(512M) 27.056ms
[2020-03-10T22:08:02.946+0800][9.860s] GC(3) User=0.36s Sys=0.00s Real=0.03s
[2020-03-10T22:08:04.492+0800][11.407s] GC(4) Pause Young (Concurrent Start) (Metadata GC Threshold)
[2020-03-10T22:08:04.492+0800][11.407s] GC(4) Using 10 workers of 10 for evacuation
[2020-03-10T22:08:04.507+0800][11.421s] GC(4)   Pre Evacuate Collection Set: 0.1ms
[2020-03-10T22:08:04.507+0800][11.421s] GC(4)   Evacuate Collection Set: 12.9ms
[2020-03-10T22:08:04.507+0800][11.421s] GC(4)   Post Evacuate Collection Set: 1.0ms
[2020-03-10T22:08:04.507+0800][11.421s] GC(4)   Other: 0.4ms
[2020-03-10T22:08:04.507+0800][11.421s] GC(4) Eden regions: 97->0(121)
[2020-03-10T22:08:04.507+0800][11.421s] GC(4) Survivor regions: 4->7(15)
[2020-03-10T22:08:04.507+0800][11.421s] GC(4) Old regions: 19->19
[2020-03-10T22:08:04.507+0800][11.421s] GC(4) Archive regions: 0->0
[2020-03-10T22:08:04.507+0800][11.421s] GC(4) Humongous regions: 4->4
[2020-03-10T22:08:04.507+0800][11.421s] GC(4) Metaspace: 34547K->34547K(1081344K)
[2020-03-10T22:08:04.507+0800][11.421s] GC(4) Pause Young (Concurrent Start) (Metadata GC Threshold) 122M->28M(512M) 14.907ms
[2020-03-10T22:08:04.507+0800][11.421s] GC(4) User=0.06s Sys=0.00s Real=0.01s
[2020-03-10T22:08:04.507+0800][11.422s] GC(5) Concurrent Cycle
[2020-03-10T22:08:04.507+0800][11.422s] GC(5) Concurrent Clear Claimed Marks
[2020-03-10T22:08:04.507+0800][11.422s] GC(5) Concurrent Clear Claimed Marks 0.128ms
[2020-03-10T22:08:04.508+0800][11.422s] GC(5) Concurrent Scan Root Regions
[2020-03-10T22:08:04.514+0800][11.428s] GC(5) Concurrent Scan Root Regions 6.444ms
[2020-03-10T22:08:04.514+0800][11.429s] GC(5) Concurrent Mark (11.429s)
[2020-03-10T22:08:04.514+0800][11.429s] GC(5) Concurrent Mark From Roots
[2020-03-10T22:08:04.514+0800][11.429s] GC(5) Using 3 workers of 3 for marking
[2020-03-10T22:08:04.560+0800][11.474s] GC(5) Concurrent Mark From Roots 45.544ms
[2020-03-10T22:08:04.560+0800][11.474s] GC(5) Concurrent Preclean
[2020-03-10T22:08:04.561+0800][11.475s] GC(5) Concurrent Preclean 0.770ms
[2020-03-10T22:08:04.561+0800][11.475s] GC(5) Concurrent Mark (11.429s, 11.475s) 46.619ms
[2020-03-10T22:08:04.561+0800][11.476s] GC(5) Pause Remark
[2020-03-10T22:08:04.564+0800][11.479s] GC(5) Cleaned string table, strings: 19919 processed, 25 removed
[2020-03-10T22:08:04.565+0800][11.479s] GC(5) Pause Remark 37M->37M(512M) 3.442ms
[2020-03-10T22:08:04.565+0800][11.479s] GC(5) User=0.02s Sys=0.00s Real=0.00s
[2020-03-10T22:08:04.565+0800][11.479s] GC(5) Concurrent Rebuild Remembered Sets
[2020-03-10T22:08:04.585+0800][11.501s] GC(5) Concurrent Rebuild Remembered Sets 21.125ms
[2020-03-10T22:08:04.586+0800][11.501s] GC(5) Pause Cleanup
[2020-03-10T22:08:04.587+0800][11.502s] GC(5) Pause Cleanup 43M->43M(512M) 0.317ms
[2020-03-10T22:08:04.587+0800][11.502s] GC(5) User=0.00s Sys=0.00s Real=0.00s
[2020-03-10T22:08:04.587+0800][11.502s] GC(5) Concurrent Cleanup for Next Mark
[2020-03-10T22:08:04.588+0800][11.503s] GC(5) Concurrent Cleanup for Next Mark 0.753ms
[2020-03-10T22:08:04.588+0800][11.503s] GC(5) Concurrent Cycle 81.401ms
[2020-03-10T22:08:05.022+0800][11.937s] GC(6) Pause Young (Normal) (G1 Evacuation Pause)
[2020-03-10T22:08:05.022+0800][11.937s] GC(6) Using 10 workers of 10 for evacuation
[2020-03-10T22:08:05.031+0800][11.946s] GC(6)   Pre Evacuate Collection Set: 0.0ms
[2020-03-10T22:08:05.031+0800][11.946s] GC(6)   Evacuate Collection Set: 7.2ms
[2020-03-10T22:08:05.032+0800][11.947s] GC(6)   Post Evacuate Collection Set: 1.6ms
[2020-03-10T22:08:05.032+0800][11.947s] GC(6)   Other: 0.4ms
[2020-03-10T22:08:05.032+0800][11.947s] GC(6) Eden regions: 122->0(299)
[2020-03-10T22:08:05.032+0800][11.947s] GC(6) Survivor regions: 7->8(17)
[2020-03-10T22:08:05.032+0800][11.947s] GC(6) Old regions: 19->19
[2020-03-10T22:08:05.032+0800][11.947s] GC(6) Archive regions: 0->0
[2020-03-10T22:08:05.032+0800][11.947s] GC(6) Humongous regions: 5->4
[2020-03-10T22:08:05.032+0800][11.947s] GC(6) Metaspace: 35731K->35731K(1081344K)
[2020-03-10T22:08:05.032+0800][11.947s] GC(6) Pause Young (Normal) (G1 Evacuation Pause) 151M->29M(512M) 10.175ms
[2020-03-10T22:08:05.032+0800][11.947s] GC(6) User=0.03s Sys=0.02s Real=0.01s
