[2020-04-10T17:12:02.378+0800][0.021s] Heap region size: 1M
[2020-04-10T17:12:02.543+0800][0.186s] Using G1
[2020-04-10T17:12:02.543+0800][0.186s] Heap address: 0x00000000e0000000, size: 512 MB, Compressed Oops mode: 32-bit
[2020-04-10T17:12:02.559+0800][0.201s] Periodic GC disabled
[2020-04-10T17:12:03.211+0800][0.853s] GC(0) Pause Young (Normal) (G1 Evacuation Pause)
[2020-04-10T17:12:03.211+0800][0.853s] GC(0) Using 10 workers of 10 for evacuation
[2020-04-10T17:12:03.213+0800][0.856s] GC(0)   Pre Evacuate Collection Set: 0.0ms
[2020-04-10T17:12:03.213+0800][0.856s] GC(0)   Evacuate Collection Set: 1.8ms
[2020-04-10T17:12:03.213+0800][0.856s] GC(0)   Post Evacuate Collection Set: 0.3ms
[2020-04-10T17:12:03.213+0800][0.856s] GC(0)   Other: 0.5ms
[2020-04-10T17:12:03.215+0800][0.857s] GC(0) Eden regions: 30->0(303)
[2020-04-10T17:12:03.215+0800][0.857s] GC(0) Survivor regions: 0->4(4)
[2020-04-10T17:12:03.215+0800][0.857s] GC(0) Old regions: 0->0
[2020-04-10T17:12:03.215+0800][0.857s] GC(0) Archive regions: 0->0
[2020-04-10T17:12:03.215+0800][0.857s] GC(0) Humongous regions: 0->0
[2020-04-10T17:12:03.215+0800][0.857s] GC(0) Metaspace: 8366K->8366K(1056768K)
[2020-04-10T17:12:03.215+0800][0.857s] GC(0) Pause Young (Normal) (G1 Evacuation Pause) 30M->3M(512M) 4.272ms
[2020-04-10T17:12:03.215+0800][0.857s] GC(0) User=0.00s Sys=0.00s Real=0.00s
[2020-04-10T17:12:04.479+0800][2.122s] GC(1) Pause Young (Concurrent Start) (Metadata GC Threshold)
[2020-04-10T17:12:04.479+0800][2.122s] GC(1) Using 10 workers of 10 for evacuation
[2020-04-10T17:12:04.489+0800][2.132s] GC(1)   Pre Evacuate Collection Set: 0.0ms
[2020-04-10T17:12:04.489+0800][2.132s] GC(1)   Evacuate Collection Set: 8.5ms
[2020-04-10T17:12:04.489+0800][2.132s] GC(1)   Post Evacuate Collection Set: 0.8ms
[2020-04-10T17:12:04.489+0800][2.132s] GC(1)   Other: 0.2ms
[2020-04-10T17:12:04.489+0800][2.132s] GC(1) Eden regions: 103->0(98)
[2020-04-10T17:12:04.489+0800][2.132s] GC(1) Survivor regions: 4->19(39)
[2020-04-10T17:12:04.489+0800][2.132s] GC(1) Old regions: 0->0
[2020-04-10T17:12:04.489+0800][2.132s] GC(1) Archive regions: 0->0
[2020-04-10T17:12:04.489+0800][2.132s] GC(1) Humongous regions: 4->4
[2020-04-10T17:12:04.489+0800][2.132s] GC(1) Metaspace: 20510K->20510K(1069056K)
[2020-04-10T17:12:04.489+0800][2.132s] GC(1) Pause Young (Concurrent Start) (Metadata GC Threshold) 110M->22M(512M) 9.679ms
[2020-04-10T17:12:04.489+0800][2.132s] GC(1) User=0.05s Sys=0.00s Real=0.01s
[2020-04-10T17:12:04.489+0800][2.132s] GC(2) Concurrent Cycle
[2020-04-10T17:12:04.489+0800][2.132s] GC(2) Concurrent Clear Claimed Marks
[2020-04-10T17:12:04.489+0800][2.132s] GC(2) Concurrent Clear Claimed Marks 0.035ms
[2020-04-10T17:12:04.489+0800][2.132s] GC(2) Concurrent Scan Root Regions
[2020-04-10T17:12:04.493+0800][2.135s] GC(2) Concurrent Scan Root Regions 3.434ms
[2020-04-10T17:12:04.493+0800][2.135s] GC(2) Concurrent Mark (2.135s)
[2020-04-10T17:12:04.493+0800][2.135s] GC(2) Concurrent Mark From Roots
[2020-04-10T17:12:04.493+0800][2.135s] GC(2) Using 3 workers of 3 for marking
[2020-04-10T17:12:04.496+0800][2.139s] GC(2) Concurrent Mark From Roots 3.372ms
[2020-04-10T17:12:04.496+0800][2.139s] GC(2) Concurrent Preclean
[2020-04-10T17:12:04.496+0800][2.139s] GC(2) Concurrent Preclean 0.154ms
[2020-04-10T17:12:04.496+0800][2.139s] GC(2) Concurrent Mark (2.135s, 2.139s) 3.607ms
[2020-04-10T17:12:04.496+0800][2.139s] GC(2) Pause Remark
[2020-04-10T17:12:04.497+0800][2.140s] GC(2) Cleaned string table, strings: 13173 processed, 0 removed
[2020-04-10T17:12:04.497+0800][2.140s] GC(2) Pause Remark 23M->23M(512M) 0.652ms
[2020-04-10T17:12:04.497+0800][2.140s] GC(2) User=0.00s Sys=0.00s Real=0.00s
[2020-04-10T17:12:04.497+0800][2.140s] GC(2) Concurrent Rebuild Remembered Sets
[2020-04-10T17:12:04.498+0800][2.141s] GC(2) Concurrent Rebuild Remembered Sets 1.048ms
[2020-04-10T17:12:04.498+0800][2.141s] GC(2) Pause Cleanup
[2020-04-10T17:12:04.498+0800][2.141s] GC(2) Pause Cleanup 23M->23M(512M) 0.077ms
[2020-04-10T17:12:04.499+0800][2.141s] GC(2) User=0.00s Sys=0.00s Real=0.00s
[2020-04-10T17:12:04.499+0800][2.141s] GC(2) Concurrent Cleanup for Next Mark
[2020-04-10T17:12:04.499+0800][2.142s] GC(2) Concurrent Cleanup for Next Mark 0.338ms
[2020-04-10T17:12:04.499+0800][2.142s] GC(2) Concurrent Cycle 9.889ms
[2020-04-10T17:12:05.146+0800][2.789s] GC(3) Pause Young (Normal) (G1 Evacuation Pause)
[2020-04-10T17:12:05.146+0800][2.789s] GC(3) Using 10 workers of 10 for evacuation
[2020-04-10T17:12:05.154+0800][2.797s] GC(3)   Pre Evacuate Collection Set: 0.0ms
[2020-04-10T17:12:05.154+0800][2.797s] GC(3)   Evacuate Collection Set: 7.3ms
[2020-04-10T17:12:05.154+0800][2.797s] GC(3)   Post Evacuate Collection Set: 0.5ms
[2020-04-10T17:12:05.154+0800][2.797s] GC(3)   Other: 0.1ms
[2020-04-10T17:12:05.154+0800][2.797s] GC(3) Eden regions: 72->0(116)
[2020-04-10T17:12:05.154+0800][2.797s] GC(3) Survivor regions: 19->5(12)
[2020-04-10T17:12:05.154+0800][2.797s] GC(3) Old regions: 0->19
[2020-04-10T17:12:05.154+0800][2.797s] GC(3) Archive regions: 0->0
[2020-04-10T17:12:05.154+0800][2.797s] GC(3) Humongous regions: 4->4
[2020-04-10T17:12:05.154+0800][2.797s] GC(3) Metaspace: 29706K->29706K(1077248K)
[2020-04-10T17:12:05.154+0800][2.797s] GC(3) Pause Young (Normal) (G1 Evacuation Pause) 94M->27M(512M) 8.130ms
[2020-04-10T17:12:05.154+0800][2.797s] GC(3) User=0.00s Sys=0.00s Real=0.01s
[2020-04-10T17:12:05.567+0800][3.210s] GC(4) Pause Young (Normal) (G1 Evacuation Pause)
[2020-04-10T17:12:05.567+0800][3.210s] GC(4) Using 10 workers of 10 for evacuation
[2020-04-10T17:12:05.570+0800][3.213s] GC(4)   Pre Evacuate Collection Set: 0.0ms
[2020-04-10T17:12:05.570+0800][3.213s] GC(4)   Evacuate Collection Set: 2.2ms
[2020-04-10T17:12:05.570+0800][3.213s] GC(4)   Post Evacuate Collection Set: 0.3ms
[2020-04-10T17:12:05.570+0800][3.213s] GC(4)   Other: 0.1ms
[2020-04-10T17:12:05.570+0800][3.213s] GC(4) Eden regions: 116->0(301)
[2020-04-10T17:12:05.570+0800][3.213s] GC(4) Survivor regions: 5->6(16)
[2020-04-10T17:12:05.570+0800][3.213s] GC(4) Old regions: 19->19
[2020-04-10T17:12:05.570+0800][3.213s] GC(4) Archive regions: 0->0
[2020-04-10T17:12:05.570+0800][3.213s] GC(4) Humongous regions: 4->4
[2020-04-10T17:12:05.570+0800][3.213s] GC(4) Metaspace: 33946K->33946K(1079296K)
[2020-04-10T17:12:05.570+0800][3.213s] GC(4) Pause Young (Normal) (G1 Evacuation Pause) 143M->28M(512M) 2.735ms
[2020-04-10T17:12:05.570+0800][3.213s] GC(4) User=0.00s Sys=0.00s Real=0.00s
[2020-04-10T17:12:05.732+0800][3.375s] GC(5) Pause Young (Concurrent Start) (Metadata GC Threshold)
[2020-04-10T17:12:05.732+0800][3.375s] GC(5) Using 10 workers of 10 for evacuation
[2020-04-10T17:12:05.737+0800][3.379s] GC(5)   Pre Evacuate Collection Set: 0.0ms
[2020-04-10T17:12:05.737+0800][3.379s] GC(5)   Evacuate Collection Set: 4.0ms
[2020-04-10T17:12:05.737+0800][3.379s] GC(5)   Post Evacuate Collection Set: 0.3ms
[2020-04-10T17:12:05.737+0800][3.380s] GC(5)   Other: 0.2ms
[2020-04-10T17:12:05.737+0800][3.380s] GC(5) Eden regions: 98->0(264)
[2020-04-10T17:12:05.737+0800][3.380s] GC(5) Survivor regions: 6->7(39)
[2020-04-10T17:12:05.737+0800][3.380s] GC(5) Old regions: 19->19
[2020-04-10T17:12:05.737+0800][3.380s] GC(5) Archive regions: 0->0
[2020-04-10T17:12:05.737+0800][3.380s] GC(5) Humongous regions: 5->4
[2020-04-10T17:12:05.737+0800][3.380s] GC(5) Metaspace: 34659K->34659K(1081344K)
[2020-04-10T17:12:05.737+0800][3.380s] GC(5) Pause Young (Concurrent Start) (Metadata GC Threshold) 127M->29M(512M) 4.669ms
[2020-04-10T17:12:05.737+0800][3.380s] GC(5) User=0.14s Sys=0.00s Real=0.00s
[2020-04-10T17:12:05.737+0800][3.380s] GC(6) Concurrent Cycle
[2020-04-10T17:12:05.737+0800][3.380s] GC(6) Concurrent Clear Claimed Marks
[2020-04-10T17:12:05.737+0800][3.380s] GC(6) Concurrent Clear Claimed Marks 0.035ms
[2020-04-10T17:12:05.737+0800][3.380s] GC(6) Concurrent Scan Root Regions
[2020-04-10T17:12:05.739+0800][3.382s] GC(6) Concurrent Scan Root Regions 1.969ms
[2020-04-10T17:12:05.739+0800][3.382s] GC(6) Concurrent Mark (3.382s)
[2020-04-10T17:12:05.739+0800][3.382s] GC(6) Concurrent Mark From Roots
[2020-04-10T17:12:05.739+0800][3.382s] GC(6) Using 3 workers of 3 for marking
[2020-04-10T17:12:05.751+0800][3.393s] GC(6) Concurrent Mark From Roots 11.367ms
[2020-04-10T17:12:05.751+0800][3.393s] GC(6) Concurrent Preclean
[2020-04-10T17:12:05.751+0800][3.393s] GC(6) Concurrent Preclean 0.233ms
[2020-04-10T17:12:05.751+0800][3.393s] GC(6) Concurrent Mark (3.382s, 3.393s) 11.676ms
[2020-04-10T17:12:05.751+0800][3.394s] GC(6) Pause Remark
[2020-04-10T17:12:05.752+0800][3.394s] GC(6) Cleaned string table, strings: 19878 processed, 25 removed
[2020-04-10T17:12:05.752+0800][3.395s] GC(6) Pause Remark 31M->31M(512M) 1.028ms
[2020-04-10T17:12:05.752+0800][3.395s] GC(6) User=0.00s Sys=0.00s Real=0.00s
[2020-04-10T17:12:05.752+0800][3.395s] GC(6) Concurrent Rebuild Remembered Sets
[2020-04-10T17:12:05.758+0800][3.400s] GC(6) Concurrent Rebuild Remembered Sets 5.618ms
[2020-04-10T17:12:05.758+0800][3.400s] GC(6) Pause Cleanup
[2020-04-10T17:12:05.758+0800][3.400s] GC(6) Pause Cleanup 31M->31M(512M) 0.079ms
[2020-04-10T17:12:05.758+0800][3.400s] GC(6) User=0.00s Sys=0.00s Real=0.00s
[2020-04-10T17:12:05.758+0800][3.400s] GC(6) Concurrent Cleanup for Next Mark
[2020-04-10T17:12:05.758+0800][3.401s] GC(6) Concurrent Cleanup for Next Mark 0.279ms
[2020-04-10T17:12:05.758+0800][3.401s] GC(6) Concurrent Cycle 21.132ms
[2020-04-10T17:25:02.160+0800][779.803s] GC(7) Pause Young (Normal) (G1 Evacuation Pause)
[2020-04-10T17:25:02.161+0800][779.803s] GC(7) Using 10 workers of 10 for evacuation
[2020-04-10T17:25:02.168+0800][779.811s] GC(7)   Pre Evacuate Collection Set: 0.0ms
[2020-04-10T17:25:02.168+0800][779.811s] GC(7)   Evacuate Collection Set: 6.3ms
[2020-04-10T17:25:02.168+0800][779.811s] GC(7)   Post Evacuate Collection Set: 1.2ms
[2020-04-10T17:25:02.168+0800][779.811s] GC(7)   Other: 0.2ms
[2020-04-10T17:25:02.168+0800][779.811s] GC(7) Eden regions: 266->0(289)
[2020-04-10T17:25:02.168+0800][779.811s] GC(7) Survivor regions: 7->18(35)
[2020-04-10T17:25:02.168+0800][779.811s] GC(7) Old regions: 19->19
[2020-04-10T17:25:02.168+0800][779.811s] GC(7) Archive regions: 0->0
[2020-04-10T17:25:02.168+0800][779.811s] GC(7) Humongous regions: 9->7
[2020-04-10T17:25:02.168+0800][779.811s] GC(7) Metaspace: 49595K->49595K(1093632K)
[2020-04-10T17:25:02.168+0800][779.811s] GC(7) Pause Young (Normal) (G1 Evacuation Pause) 300M->43M(512M) 7.877ms
[2020-04-10T17:25:02.168+0800][779.811s] GC(7) User=0.00s Sys=0.00s Real=0.01s
[2020-04-10T18:09:45.531+0800][3463.173s] Heap
[2020-04-10T18:09:45.531+0800][3463.173s]  garbage-first heap   total 524288K, used 328861K [0x00000000e0000000, 0x0000000100000000)
[2020-04-10T18:09:45.531+0800][3463.173s]   region size 1024K, 295 young (302080K), 18 survivors (18432K)
[2020-04-10T18:09:45.531+0800][3463.173s]  Metaspace       used 51486K, capacity 52494K, committed 52736K, reserved 1095680K
[2020-04-10T18:09:45.531+0800][3463.173s]   class space    used 5900K, capacity 6327K, committed 6400K, reserved 1048576K
