[2020-03-07T11:41:46.988+0800][0.083s] Heap region size: 1M
[2020-03-07T11:41:47.561+0800][0.656s] Using G1
[2020-03-07T11:41:47.561+0800][0.656s] Heap address: 0x00000000e0000000, size: 512 MB, Compressed Oops mode: 32-bit
[2020-03-07T11:41:47.609+0800][0.704s] Periodic GC disabled
[2020-03-07T11:41:51.307+0800][4.402s] GC(0) Pause Young (Normal) (G1 Evacuation Pause)
[2020-03-07T11:41:51.309+0800][4.404s] GC(0) Using 10 workers of 10 for evacuation
[2020-03-07T11:41:51.317+0800][4.413s] GC(0)   Pre Evacuate Collection Set: 0.0ms
[2020-03-07T11:41:51.318+0800][4.413s] GC(0)   Evacuate Collection Set: 7.1ms
[2020-03-07T11:41:51.318+0800][4.413s] GC(0)   Post Evacuate Collection Set: 0.9ms
[2020-03-07T11:41:51.318+0800][4.413s] GC(0)   Other: 2.3ms
[2020-03-07T11:41:51.319+0800][4.414s] GC(0) Eden regions: 30->0(303)
[2020-03-07T11:41:51.319+0800][4.414s] GC(0) Survivor regions: 0->4(4)
[2020-03-07T11:41:51.319+0800][4.414s] GC(0) Old regions: 0->0
[2020-03-07T11:41:51.319+0800][4.414s] GC(0) Archive regions: 0->0
[2020-03-07T11:41:51.319+0800][4.414s] GC(0) Humongous regions: 0->0
[2020-03-07T11:41:51.319+0800][4.415s] GC(0) Metaspace: 8327K->8327K(1056768K)
[2020-03-07T11:41:51.320+0800][4.415s] GC(0) Pause Young (Normal) (G1 Evacuation Pause) 30M->3M(512M) 12.444ms
[2020-03-07T11:41:51.320+0800][4.415s] GC(0) User=0.02s Sys=0.03s Real=0.01s
[2020-03-07T11:41:57.161+0800][10.256s] GC(1) Pause Young (Concurrent Start) (Metadata GC Threshold)
[2020-03-07T11:41:57.161+0800][10.257s] GC(1) Using 10 workers of 10 for evacuation
[2020-03-07T11:41:57.192+0800][10.288s] GC(1)   Pre Evacuate Collection Set: 0.1ms
[2020-03-07T11:41:57.192+0800][10.288s] GC(1)   Evacuate Collection Set: 27.6ms
[2020-03-07T11:41:57.192+0800][10.288s] GC(1)   Post Evacuate Collection Set: 2.4ms
[2020-03-07T11:41:57.192+0800][10.288s] GC(1)   Other: 1.2ms
[2020-03-07T11:41:57.193+0800][10.288s] GC(1) Eden regions: 103->0(96)
[2020-03-07T11:41:57.193+0800][10.288s] GC(1) Survivor regions: 4->19(39)
[2020-03-07T11:41:57.193+0800][10.288s] GC(1) Old regions: 0->0
[2020-03-07T11:41:57.193+0800][10.288s] GC(1) Archive regions: 0->0
[2020-03-07T11:41:57.193+0800][10.289s] GC(1) Humongous regions: 4->4
[2020-03-07T11:41:57.193+0800][10.289s] GC(1) Metaspace: 20558K->20558K(1069056K)
[2020-03-07T11:41:57.193+0800][10.289s] GC(1) Pause Young (Concurrent Start) (Metadata GC Threshold) 110M->22M(512M) 32.327ms
[2020-03-07T11:41:57.193+0800][10.289s] GC(1) User=0.22s Sys=0.00s Real=0.03s
[2020-03-07T11:41:57.193+0800][10.289s] GC(2) Concurrent Cycle
[2020-03-07T11:41:57.193+0800][10.289s] GC(2) Concurrent Clear Claimed Marks
[2020-03-07T11:41:57.193+0800][10.289s] GC(2) Concurrent Clear Claimed Marks 0.085ms
[2020-03-07T11:41:57.194+0800][10.289s] GC(2) Concurrent Scan Root Regions
[2020-03-07T11:41:57.204+0800][10.299s] GC(2) Concurrent Scan Root Regions 10.125ms
[2020-03-07T11:41:57.204+0800][10.299s] GC(2) Concurrent Mark (10.299s)
[2020-03-07T11:41:57.204+0800][10.300s] GC(2) Concurrent Mark From Roots
[2020-03-07T11:41:57.204+0800][10.300s] GC(2) Using 3 workers of 3 for marking
[2020-03-07T11:41:57.218+0800][10.313s] GC(2) Concurrent Mark From Roots 13.764ms
[2020-03-07T11:41:57.218+0800][10.313s] GC(2) Concurrent Preclean
[2020-03-07T11:41:57.219+0800][10.314s] GC(2) Concurrent Preclean 0.984ms
[2020-03-07T11:41:57.219+0800][10.315s] GC(2) Concurrent Mark (10.299s, 10.315s) 15.097ms
[2020-03-07T11:41:57.220+0800][10.316s] GC(2) Pause Remark
[2020-03-07T11:41:57.223+0800][10.318s] GC(2) Cleaned string table, strings: 13174 processed, 0 removed
[2020-03-07T11:41:57.223+0800][10.319s] GC(2) Pause Remark 23M->23M(512M) 3.304ms
[2020-03-07T11:41:57.224+0800][10.319s] GC(2) User=0.00s Sys=0.00s Real=0.00s
[2020-03-07T11:41:57.224+0800][10.319s] GC(2) Concurrent Rebuild Remembered Sets
[2020-03-07T11:41:57.229+0800][10.325s] GC(2) Concurrent Rebuild Remembered Sets 5.349ms
[2020-03-07T11:41:57.230+0800][10.325s] GC(2) Pause Cleanup
[2020-03-07T11:41:57.230+0800][10.326s] GC(2) Pause Cleanup 23M->23M(512M) 0.315ms
[2020-03-07T11:41:57.230+0800][10.326s] GC(2) User=0.00s Sys=0.00s Real=0.00s
[2020-03-07T11:41:57.230+0800][10.326s] GC(2) Concurrent Cleanup for Next Mark
[2020-03-07T11:41:57.231+0800][10.327s] GC(2) Concurrent Cleanup for Next Mark 0.705ms
[2020-03-07T11:41:57.231+0800][10.327s] GC(2) Concurrent Cycle 37.939ms
[2020-03-07T11:41:59.563+0800][12.658s] GC(3) Pause Young (Normal) (G1 Evacuation Pause)
[2020-03-07T11:41:59.563+0800][12.658s] GC(3) Using 10 workers of 10 for evacuation
[2020-03-07T11:41:59.587+0800][12.683s] GC(3)   Pre Evacuate Collection Set: 0.0ms
[2020-03-07T11:41:59.587+0800][12.683s] GC(3)   Evacuate Collection Set: 22.4ms
[2020-03-07T11:41:59.588+0800][12.683s] GC(3)   Post Evacuate Collection Set: 1.7ms
[2020-03-07T11:41:59.588+0800][12.683s] GC(3)   Other: 0.4ms
[2020-03-07T11:41:59.588+0800][12.683s] GC(3) Eden regions: 64->0(113)
[2020-03-07T11:41:59.588+0800][12.683s] GC(3) Survivor regions: 19->4(11)
[2020-03-07T11:41:59.588+0800][12.683s] GC(3) Old regions: 0->19
[2020-03-07T11:41:59.588+0800][12.683s] GC(3) Archive regions: 0->0
[2020-03-07T11:41:59.588+0800][12.683s] GC(3) Humongous regions: 4->4
[2020-03-07T11:41:59.588+0800][12.683s] GC(3) Metaspace: 29388K->29388K(1075200K)
[2020-03-07T11:41:59.588+0800][12.684s] GC(3) Pause Young (Normal) (G1 Evacuation Pause) 86M->26M(512M) 25.452ms
[2020-03-07T11:41:59.588+0800][12.684s] GC(3) User=0.17s Sys=0.00s Real=0.03s
[2020-03-07T11:42:01.473+0800][14.568s] GC(4) Pause Young (Normal) (G1 Evacuation Pause)
[2020-03-07T11:42:01.473+0800][14.568s] GC(4) Using 10 workers of 10 for evacuation
[2020-03-07T11:42:01.482+0800][14.577s] GC(4)   Pre Evacuate Collection Set: 0.0ms
[2020-03-07T11:42:01.482+0800][14.577s] GC(4)   Evacuate Collection Set: 7.8ms
[2020-03-07T11:42:01.482+0800][14.577s] GC(4)   Post Evacuate Collection Set: 0.9ms
[2020-03-07T11:42:01.482+0800][14.577s] GC(4)   Other: 0.4ms
[2020-03-07T11:42:01.482+0800][14.577s] GC(4) Eden regions: 113->0(139)
[2020-03-07T11:42:01.482+0800][14.577s] GC(4) Survivor regions: 4->6(15)
[2020-03-07T11:42:01.482+0800][14.577s] GC(4) Old regions: 19->19
[2020-03-07T11:42:01.482+0800][14.577s] GC(4) Archive regions: 0->0
[2020-03-07T11:42:01.482+0800][14.577s] GC(4) Humongous regions: 4->4
[2020-03-07T11:42:01.482+0800][14.577s] GC(4) Metaspace: 33993K->33993K(1079296K)
[2020-03-07T11:42:01.482+0800][14.578s] GC(4) Pause Young (Normal) (G1 Evacuation Pause) 139M->28M(512M) 9.736ms
[2020-03-07T11:42:01.483+0800][14.578s] GC(4) User=0.16s Sys=0.00s Real=0.01s
[2020-03-07T11:42:02.087+0800][15.183s] GC(5) Pause Young (Concurrent Start) (Metadata GC Threshold)
[2020-03-07T11:42:02.087+0800][15.183s] GC(5) Using 10 workers of 10 for evacuation
[2020-03-07T11:42:02.104+0800][15.200s] GC(5)   Pre Evacuate Collection Set: 0.1ms
[2020-03-07T11:42:02.104+0800][15.200s] GC(5)   Evacuate Collection Set: 15.5ms
[2020-03-07T11:42:02.104+0800][15.200s] GC(5)   Post Evacuate Collection Set: 0.8ms
[2020-03-07T11:42:02.104+0800][15.200s] GC(5)   Other: 0.6ms
[2020-03-07T11:42:02.104+0800][15.200s] GC(5) Eden regions: 102->0(148)
[2020-03-07T11:42:02.105+0800][15.200s] GC(5) Survivor regions: 6->7(19)
[2020-03-07T11:42:02.105+0800][15.200s] GC(5) Old regions: 19->19
[2020-03-07T11:42:02.105+0800][15.200s] GC(5) Archive regions: 0->0
[2020-03-07T11:42:02.105+0800][15.200s] GC(5) Humongous regions: 5->4
[2020-03-07T11:42:02.105+0800][15.200s] GC(5) Metaspace: 34650K->34650K(1081344K)
[2020-03-07T11:42:02.105+0800][15.200s] GC(5) Pause Young (Concurrent Start) (Metadata GC Threshold) 131M->29M(512M) 17.478ms
[2020-03-07T11:42:02.105+0800][15.200s] GC(5) User=0.17s Sys=0.02s Real=0.02s
[2020-03-07T11:42:02.105+0800][15.201s] GC(6) Concurrent Cycle
[2020-03-07T11:42:02.105+0800][15.201s] GC(6) Concurrent Clear Claimed Marks
[2020-03-07T11:42:02.105+0800][15.201s] GC(6) Concurrent Clear Claimed Marks 0.096ms
[2020-03-07T11:42:02.105+0800][15.201s] GC(6) Concurrent Scan Root Regions
[2020-03-07T11:42:02.112+0800][15.207s] GC(6) Concurrent Scan Root Regions 6.532ms
[2020-03-07T11:42:02.112+0800][15.207s] GC(6) Concurrent Mark (15.207s)
[2020-03-07T11:42:02.112+0800][15.208s] GC(6) Concurrent Mark From Roots
[2020-03-07T11:42:02.112+0800][15.208s] GC(6) Using 3 workers of 3 for marking
[2020-03-07T11:42:02.153+0800][15.248s] GC(6) Concurrent Mark From Roots 40.435ms
[2020-03-07T11:42:02.153+0800][15.248s] GC(6) Concurrent Preclean
[2020-03-07T11:42:02.153+0800][15.249s] GC(6) Concurrent Preclean 0.566ms
[2020-03-07T11:42:02.153+0800][15.249s] GC(6) Concurrent Mark (15.207s, 15.249s) 41.352ms
[2020-03-07T11:42:02.154+0800][15.249s] GC(6) Pause Remark
[2020-03-07T11:42:02.157+0800][15.253s] GC(6) Cleaned string table, strings: 19926 processed, 25 removed
[2020-03-07T11:42:02.158+0800][15.253s] GC(6) Pause Remark 32M->32M(512M) 3.965ms
[2020-03-07T11:42:02.158+0800][15.253s] GC(6) User=0.00s Sys=0.00s Real=0.00s
[2020-03-07T11:42:02.158+0800][15.253s] GC(6) Concurrent Rebuild Remembered Sets
[2020-03-07T11:42:02.179+0800][15.274s] GC(6) Concurrent Rebuild Remembered Sets 20.532ms
[2020-03-07T11:42:02.179+0800][15.275s] GC(6) Pause Cleanup
[2020-03-07T11:42:02.180+0800][15.275s] GC(6) Pause Cleanup 32M->32M(512M) 0.445ms
[2020-03-07T11:42:02.180+0800][15.275s] GC(6) User=0.00s Sys=0.00s Real=0.00s
[2020-03-07T11:42:02.180+0800][15.275s] GC(6) Concurrent Cleanup for Next Mark
[2020-03-07T11:42:02.181+0800][15.276s] GC(6) Concurrent Cleanup for Next Mark 0.709ms
[2020-03-07T11:42:02.181+0800][15.276s] GC(6) Concurrent Cycle 75.578ms
[2020-03-07T11:42:06.105+0800][19.201s] GC(7) Pause Young (Normal) (G1 Evacuation Pause)
[2020-03-07T11:42:06.105+0800][19.201s] GC(7) Using 10 workers of 10 for evacuation
[2020-03-07T11:42:06.119+0800][19.215s] GC(7)   Pre Evacuate Collection Set: 0.0ms
[2020-03-07T11:42:06.119+0800][19.215s] GC(7)   Evacuate Collection Set: 11.9ms
[2020-03-07T11:42:06.119+0800][19.215s] GC(7)   Post Evacuate Collection Set: 1.1ms
[2020-03-07T11:42:06.119+0800][19.215s] GC(7)   Other: 0.6ms
[2020-03-07T11:42:06.119+0800][19.215s] GC(7) Eden regions: 149->0(201)
[2020-03-07T11:42:06.119+0800][19.215s] GC(7) Survivor regions: 7->13(20)
[2020-03-07T11:42:06.120+0800][19.215s] GC(7) Old regions: 19->19
[2020-03-07T11:42:06.120+0800][19.215s] GC(7) Archive regions: 0->0
[2020-03-07T11:42:06.120+0800][19.215s] GC(7) Humongous regions: 4->4
[2020-03-07T11:42:06.120+0800][19.215s] GC(7) Metaspace: 44424K->44424K(1089536K)
[2020-03-07T11:42:06.120+0800][19.216s] GC(7) Pause Young (Normal) (G1 Evacuation Pause) 178M->34M(512M) 14.543ms
[2020-03-07T11:42:06.120+0800][19.216s] GC(7) User=0.05s Sys=0.02s Real=0.01s
