[2020-02-28T11:38:47.725+0800][0.016s] Heap region size: 1M
[2020-02-28T11:38:47.888+0800][0.180s] Using G1
[2020-02-28T11:38:47.888+0800][0.180s] Heap address: 0x00000000e0000000, size: 512 MB, Compressed Oops mode: 32-bit
[2020-02-28T11:38:47.903+0800][0.194s] Periodic GC disabled
[2020-02-28T11:38:48.569+0800][0.861s] GC(0) Pause Young (Normal) (G1 Evacuation Pause)
[2020-02-28T11:38:48.569+0800][0.862s] GC(0) Using 10 workers of 10 for evacuation
[2020-02-28T11:38:48.572+0800][0.864s] GC(0)   Pre Evacuate Collection Set: 0.0ms
[2020-02-28T11:38:48.572+0800][0.864s] GC(0)   Evacuate Collection Set: 1.8ms
[2020-02-28T11:38:48.572+0800][0.864s] GC(0)   Post Evacuate Collection Set: 0.3ms
[2020-02-28T11:38:48.572+0800][0.864s] GC(0)   Other: 0.6ms
[2020-02-28T11:38:48.572+0800][0.864s] GC(0) Eden regions: 30->0(303)
[2020-02-28T11:38:48.572+0800][0.864s] GC(0) Survivor regions: 0->4(4)
[2020-02-28T11:38:48.572+0800][0.864s] GC(0) Old regions: 0->0
[2020-02-28T11:38:48.572+0800][0.864s] GC(0) Archive regions: 0->0
[2020-02-28T11:38:48.572+0800][0.864s] GC(0) Humongous regions: 0->0
[2020-02-28T11:38:48.572+0800][0.864s] GC(0) Metaspace: 7531K->7531K(1056768K)
[2020-02-28T11:38:48.572+0800][0.864s] GC(0) Pause Young (Normal) (G1 Evacuation Pause) 30M->3M(512M) 3.056ms
[2020-02-28T11:38:48.572+0800][0.864s] GC(0) User=0.14s Sys=0.00s Real=0.00s
[2020-02-28T11:38:50.078+0800][2.369s] GC(1) Pause Young (Concurrent Start) (Metadata GC Threshold)
[2020-02-28T11:38:50.078+0800][2.369s] GC(1) Using 10 workers of 10 for evacuation
[2020-02-28T11:38:50.087+0800][2.378s] GC(1)   Pre Evacuate Collection Set: 0.0ms
[2020-02-28T11:38:50.087+0800][2.378s] GC(1)   Evacuate Collection Set: 8.1ms
[2020-02-28T11:38:50.087+0800][2.378s] GC(1)   Post Evacuate Collection Set: 0.9ms
[2020-02-28T11:38:50.087+0800][2.378s] GC(1)   Other: 0.2ms
[2020-02-28T11:38:50.087+0800][2.378s] GC(1) Eden regions: 119->0(113)
[2020-02-28T11:38:50.087+0800][2.378s] GC(1) Survivor regions: 4->20(39)
[2020-02-28T11:38:50.087+0800][2.379s] GC(1) Old regions: 0->0
[2020-02-28T11:38:50.087+0800][2.379s] GC(1) Archive regions: 0->0
[2020-02-28T11:38:50.087+0800][2.379s] GC(1) Humongous regions: 4->4
[2020-02-28T11:38:50.087+0800][2.379s] GC(1) Metaspace: 20623K->20623K(1069056K)
[2020-02-28T11:38:50.087+0800][2.379s] GC(1) Pause Young (Concurrent Start) (Metadata GC Threshold) 126M->23M(512M) 9.349ms
[2020-02-28T11:38:50.087+0800][2.379s] GC(1) User=0.00s Sys=0.00s Real=0.01s
[2020-02-28T11:38:50.087+0800][2.379s] GC(2) Concurrent Cycle
[2020-02-28T11:38:50.087+0800][2.379s] GC(2) Concurrent Clear Claimed Marks
[2020-02-28T11:38:50.087+0800][2.379s] GC(2) Concurrent Clear Claimed Marks 0.032ms
[2020-02-28T11:38:50.087+0800][2.379s] GC(2) Concurrent Scan Root Regions
[2020-02-28T11:38:50.090+0800][2.382s] GC(2) Concurrent Scan Root Regions 2.871ms
[2020-02-28T11:38:50.090+0800][2.382s] GC(2) Concurrent Mark (2.382s)
[2020-02-28T11:38:50.090+0800][2.382s] GC(2) Concurrent Mark From Roots
[2020-02-28T11:38:50.090+0800][2.382s] GC(2) Using 3 workers of 3 for marking
[2020-02-28T11:38:50.094+0800][2.385s] GC(2) Concurrent Mark From Roots 3.547ms
[2020-02-28T11:38:50.094+0800][2.385s] GC(2) Concurrent Preclean
[2020-02-28T11:38:50.094+0800][2.385s] GC(2) Concurrent Preclean 0.122ms
[2020-02-28T11:38:50.094+0800][2.385s] GC(2) Concurrent Mark (2.382s, 2.385s) 3.743ms
[2020-02-28T11:38:50.094+0800][2.385s] GC(2) Pause Remark
[2020-02-28T11:38:50.095+0800][2.386s] GC(2) Cleaned string table, strings: 13191 processed, 0 removed
[2020-02-28T11:38:50.095+0800][2.386s] GC(2) Pause Remark 24M->24M(512M) 0.629ms
[2020-02-28T11:38:50.095+0800][2.386s] GC(2) User=0.00s Sys=0.00s Real=0.00s
[2020-02-28T11:38:50.095+0800][2.386s] GC(2) Concurrent Rebuild Remembered Sets
[2020-02-28T11:38:50.097+0800][2.388s] GC(2) Concurrent Rebuild Remembered Sets 1.712ms
[2020-02-28T11:38:50.097+0800][2.388s] GC(2) Pause Cleanup
[2020-02-28T11:38:50.097+0800][2.388s] GC(2) Pause Cleanup 24M->24M(512M) 0.091ms
[2020-02-28T11:38:50.097+0800][2.388s] GC(2) User=0.00s Sys=0.00s Real=0.00s
[2020-02-28T11:38:50.097+0800][2.388s] GC(2) Concurrent Cleanup for Next Mark
[2020-02-28T11:38:50.097+0800][2.388s] GC(2) Concurrent Cleanup for Next Mark 0.268ms
[2020-02-28T11:38:50.097+0800][2.388s] GC(2) Concurrent Cycle 9.831ms
[2020-02-28T11:38:51.221+0800][3.513s] GC(3) Pause Young (Normal) (G1 Evacuation Pause)
[2020-02-28T11:38:51.221+0800][3.513s] GC(3) Using 10 workers of 10 for evacuation
[2020-02-28T11:38:51.229+0800][3.521s] GC(3)   Pre Evacuate Collection Set: 0.0ms
[2020-02-28T11:38:51.229+0800][3.521s] GC(3)   Evacuate Collection Set: 6.8ms
[2020-02-28T11:38:51.229+0800][3.521s] GC(3)   Post Evacuate Collection Set: 0.7ms
[2020-02-28T11:38:51.229+0800][3.521s] GC(3)   Other: 0.1ms
[2020-02-28T11:38:51.229+0800][3.521s] GC(3) Eden regions: 92->0(141)
[2020-02-28T11:38:51.229+0800][3.521s] GC(3) Survivor regions: 20->5(14)
[2020-02-28T11:38:51.229+0800][3.521s] GC(3) Old regions: 0->19
[2020-02-28T11:38:51.229+0800][3.521s] GC(3) Archive regions: 0->0
[2020-02-28T11:38:51.229+0800][3.521s] GC(3) Humongous regions: 4->4
[2020-02-28T11:38:51.229+0800][3.521s] GC(3) Metaspace: 30889K->30889K(1077248K)
[2020-02-28T11:38:51.229+0800][3.521s] GC(3) Pause Young (Normal) (G1 Evacuation Pause) 115M->27M(512M) 7.803ms
[2020-02-28T11:38:51.229+0800][3.521s] GC(3) User=0.13s Sys=0.00s Real=0.01s
[2020-02-28T11:38:51.719+0800][4.010s] GC(4) Pause Young (Concurrent Start) (Metadata GC Threshold)
[2020-02-28T11:38:51.719+0800][4.010s] GC(4) Using 10 workers of 10 for evacuation
[2020-02-28T11:38:51.722+0800][4.014s] GC(4)   Pre Evacuate Collection Set: 0.0ms
[2020-02-28T11:38:51.722+0800][4.014s] GC(4)   Evacuate Collection Set: 2.8ms
[2020-02-28T11:38:51.722+0800][4.014s] GC(4)   Post Evacuate Collection Set: 0.4ms
[2020-02-28T11:38:51.722+0800][4.014s] GC(4)   Other: 0.1ms
[2020-02-28T11:38:51.722+0800][4.014s] GC(4) Eden regions: 59->0(169)
[2020-02-28T11:38:51.722+0800][4.014s] GC(4) Survivor regions: 5->6(19)
[2020-02-28T11:38:51.722+0800][4.014s] GC(4) Old regions: 19->19
[2020-02-28T11:38:51.722+0800][4.014s] GC(4) Archive regions: 0->0
[2020-02-28T11:38:51.722+0800][4.014s] GC(4) Humongous regions: 4->4
[2020-02-28T11:38:51.722+0800][4.014s] GC(4) Metaspace: 35125K->35125K(1081344K)
[2020-02-28T11:38:51.722+0800][4.014s] GC(4) Pause Young (Concurrent Start) (Metadata GC Threshold) 85M->28M(512M) 3.602ms
[2020-02-28T11:38:51.722+0800][4.014s] GC(4) User=0.00s Sys=0.00s Real=0.00s
[2020-02-28T11:38:51.722+0800][4.014s] GC(5) Concurrent Cycle
[2020-02-28T11:38:51.722+0800][4.014s] GC(5) Concurrent Clear Claimed Marks
[2020-02-28T11:38:51.722+0800][4.014s] GC(5) Concurrent Clear Claimed Marks 0.029ms
[2020-02-28T11:38:51.722+0800][4.014s] GC(5) Concurrent Scan Root Regions
[2020-02-28T11:38:51.724+0800][4.015s] GC(5) Concurrent Scan Root Regions 1.338ms
[2020-02-28T11:38:51.724+0800][4.015s] GC(5) Concurrent Mark (4.015s)
[2020-02-28T11:38:51.724+0800][4.015s] GC(5) Concurrent Mark From Roots
[2020-02-28T11:38:51.724+0800][4.015s] GC(5) Using 3 workers of 3 for marking
[2020-02-28T11:38:51.733+0800][4.024s] GC(5) Concurrent Mark From Roots 9.230ms
[2020-02-28T11:38:51.733+0800][4.024s] GC(5) Concurrent Preclean
[2020-02-28T11:38:51.733+0800][4.025s] GC(5) Concurrent Preclean 0.163ms
[2020-02-28T11:38:51.733+0800][4.025s] GC(5) Concurrent Mark (4.015s, 4.025s) 9.460ms
[2020-02-28T11:38:51.733+0800][4.025s] GC(5) Pause Remark
[2020-02-28T11:38:51.734+0800][4.026s] GC(5) Cleaned string table, strings: 19756 processed, 24 removed
[2020-02-28T11:38:51.735+0800][4.026s] GC(5) Pause Remark 30M->30M(512M) 1.361ms
[2020-02-28T11:38:51.735+0800][4.026s] GC(5) User=0.00s Sys=0.00s Real=0.00s
[2020-02-28T11:38:51.735+0800][4.026s] GC(5) Concurrent Rebuild Remembered Sets
[2020-02-28T11:38:51.739+0800][4.031s] GC(5) Concurrent Rebuild Remembered Sets 4.338ms
[2020-02-28T11:38:51.739+0800][4.031s] GC(5) Pause Cleanup
[2020-02-28T11:38:51.739+0800][4.031s] GC(5) Pause Cleanup 30M->30M(512M) 0.128ms
[2020-02-28T11:38:51.739+0800][4.031s] GC(5) User=0.00s Sys=0.00s Real=0.00s
[2020-02-28T11:38:51.740+0800][4.031s] GC(5) Concurrent Cleanup for Next Mark
[2020-02-28T11:38:51.740+0800][4.031s] GC(5) Concurrent Cleanup for Next Mark 0.295ms
[2020-02-28T11:38:51.740+0800][4.031s] GC(5) Concurrent Cycle 17.674ms
[2020-02-28T11:40:23.698+0800][95.990s] GC(6) Pause Young (Normal) (G1 Evacuation Pause)
[2020-02-28T11:40:23.698+0800][95.990s] GC(6) Using 10 workers of 10 for evacuation
[2020-02-28T11:40:23.702+0800][95.994s] GC(6)   Pre Evacuate Collection Set: 0.0ms
[2020-02-28T11:40:23.702+0800][95.994s] GC(6)   Evacuate Collection Set: 3.3ms
[2020-02-28T11:40:23.702+0800][95.994s] GC(6)   Post Evacuate Collection Set: 0.4ms
[2020-02-28T11:40:23.702+0800][95.994s] GC(6)   Other: 0.2ms
[2020-02-28T11:40:23.702+0800][95.994s] GC(6) Eden regions: 170->0(246)
[2020-02-28T11:40:23.702+0800][95.994s] GC(6) Survivor regions: 6->10(22)
[2020-02-28T11:40:23.702+0800][95.994s] GC(6) Old regions: 19->19
[2020-02-28T11:40:23.702+0800][95.994s] GC(6) Archive regions: 0->0
[2020-02-28T11:40:23.702+0800][95.994s] GC(6) Humongous regions: 4->4
[2020-02-28T11:40:23.702+0800][95.994s] GC(6) Metaspace: 41531K->41531K(1087488K)
[2020-02-28T11:40:23.702+0800][95.994s] GC(6) Pause Young (Normal) (G1 Evacuation Pause) 198M->31M(512M) 3.982ms
[2020-02-28T11:40:23.702+0800][95.994s] GC(6) User=0.00s Sys=0.00s Real=0.00s
[2020-02-28T11:40:24.807+0800][97.099s] GC(7) Pause Young (Normal) (G1 Evacuation Pause)
[2020-02-28T11:40:24.807+0800][97.099s] GC(7) Using 10 workers of 10 for evacuation
[2020-02-28T11:40:24.813+0800][97.104s] GC(7)   Pre Evacuate Collection Set: 0.0ms
[2020-02-28T11:40:24.813+0800][97.105s] GC(7)   Evacuate Collection Set: 4.2ms
[2020-02-28T11:40:24.813+0800][97.105s] GC(7)   Post Evacuate Collection Set: 0.8ms
[2020-02-28T11:40:24.813+0800][97.105s] GC(7)   Other: 0.2ms
[2020-02-28T11:40:24.813+0800][97.105s] GC(7) Eden regions: 246->0(292)
[2020-02-28T11:40:24.813+0800][97.105s] GC(7) Survivor regions: 10->15(32)
[2020-02-28T11:40:24.813+0800][97.105s] GC(7) Old regions: 19->19
[2020-02-28T11:40:24.813+0800][97.105s] GC(7) Archive regions: 0->0
[2020-02-28T11:40:24.813+0800][97.105s] GC(7) Humongous regions: 5->4
[2020-02-28T11:40:24.813+0800][97.105s] GC(7) Metaspace: 50423K->50423K(1095680K)
[2020-02-28T11:40:24.813+0800][97.105s] GC(7) Pause Young (Normal) (G1 Evacuation Pause) 278M->37M(512M) 5.427ms
[2020-02-28T11:40:24.813+0800][97.105s] GC(7) User=0.00s Sys=0.00s Real=0.01s
[2020-02-28T12:29:39.680+0800][3051.972s] GC(8) Pause Young (Normal) (G1 Evacuation Pause)
[2020-02-28T12:29:39.680+0800][3051.972s] GC(8) Using 10 workers of 10 for evacuation
[2020-02-28T12:29:39.709+0800][3052.001s] GC(8)   Pre Evacuate Collection Set: 0.0ms
[2020-02-28T12:29:39.709+0800][3052.001s] GC(8)   Evacuate Collection Set: 23.7ms
[2020-02-28T12:29:39.709+0800][3052.001s] GC(8)   Post Evacuate Collection Set: 4.2ms
[2020-02-28T12:29:39.709+0800][3052.001s] GC(8)   Other: 0.9ms
[2020-02-28T12:29:39.709+0800][3052.001s] GC(8) Eden regions: 292->0(288)
[2020-02-28T12:29:39.709+0800][3052.001s] GC(8) Survivor regions: 15->19(39)
[2020-02-28T12:29:39.709+0800][3052.001s] GC(8) Old regions: 19->19
[2020-02-28T12:29:39.709+0800][3052.001s] GC(8) Archive regions: 0->0
[2020-02-28T12:29:39.709+0800][3052.001s] GC(8) Humongous regions: 4->4
[2020-02-28T12:29:39.709+0800][3052.001s] GC(8) Metaspace: 52609K->52609K(1097728K)
[2020-02-28T12:29:39.710+0800][3052.001s] GC(8) Pause Young (Normal) (G1 Evacuation Pause) 329M->40M(512M) 29.458ms
[2020-02-28T12:29:39.710+0800][3052.001s] GC(8) User=0.11s Sys=0.06s Real=0.03s
