[2020-02-28T13:18:41.059+0800][0.057s] Heap region size: 1M
[2020-02-28T13:18:41.633+0800][0.630s] Using G1
[2020-02-28T13:18:41.633+0800][0.630s] Heap address: 0x00000000e0000000, size: 512 MB, Compressed Oops mode: 32-bit
[2020-02-28T13:18:41.679+0800][0.676s] Periodic GC disabled
[2020-02-28T13:18:44.126+0800][3.123s] GC(0) Pause Young (Normal) (G1 Evacuation Pause)
[2020-02-28T13:18:44.128+0800][3.125s] GC(0) Using 10 workers of 10 for evacuation
[2020-02-28T13:18:44.136+0800][3.133s] GC(0)   Pre Evacuate Collection Set: 0.1ms
[2020-02-28T13:18:44.136+0800][3.133s] GC(0)   Evacuate Collection Set: 6.3ms
[2020-02-28T13:18:44.136+0800][3.133s] GC(0)   Post Evacuate Collection Set: 1.1ms
[2020-02-28T13:18:44.136+0800][3.133s] GC(0)   Other: 2.3ms
[2020-02-28T13:18:44.136+0800][3.134s] GC(0) Eden regions: 30->0(303)
[2020-02-28T13:18:44.136+0800][3.134s] GC(0) Survivor regions: 0->4(4)
[2020-02-28T13:18:44.136+0800][3.134s] GC(0) Old regions: 0->0
[2020-02-28T13:18:44.137+0800][3.134s] GC(0) Archive regions: 0->0
[2020-02-28T13:18:44.137+0800][3.134s] GC(0) Humongous regions: 0->0
[2020-02-28T13:18:44.137+0800][3.134s] GC(0) Metaspace: 7510K->7510K(1056768K)
[2020-02-28T13:18:44.137+0800][3.134s] GC(0) Pause Young (Normal) (G1 Evacuation Pause) 30M->3M(512M) 11.049ms
[2020-02-28T13:18:44.137+0800][3.134s] GC(0) User=0.00s Sys=0.00s Real=0.01s
[2020-02-28T13:18:50.090+0800][9.087s] GC(1) Pause Young (Concurrent Start) (Metadata GC Threshold)
[2020-02-28T13:18:50.090+0800][9.087s] GC(1) Using 10 workers of 10 for evacuation
[2020-02-28T13:18:50.117+0800][9.114s] GC(1)   Pre Evacuate Collection Set: 0.0ms
[2020-02-28T13:18:50.117+0800][9.115s] GC(1)   Evacuate Collection Set: 23.7ms
[2020-02-28T13:18:50.117+0800][9.115s] GC(1)   Post Evacuate Collection Set: 2.8ms
[2020-02-28T13:18:50.117+0800][9.115s] GC(1)   Other: 1.1ms
[2020-02-28T13:18:50.117+0800][9.115s] GC(1) Eden regions: 123->0(114)
[2020-02-28T13:18:50.117+0800][9.115s] GC(1) Survivor regions: 4->19(39)
[2020-02-28T13:18:50.117+0800][9.115s] GC(1) Old regions: 0->0
[2020-02-28T13:18:50.117+0800][9.115s] GC(1) Archive regions: 0->0
[2020-02-28T13:18:50.117+0800][9.115s] GC(1) Humongous regions: 4->4
[2020-02-28T13:18:50.118+0800][9.115s] GC(1) Metaspace: 20622K->20622K(1069056K)
[2020-02-28T13:18:50.118+0800][9.115s] GC(1) Pause Young (Concurrent Start) (Metadata GC Threshold) 130M->22M(512M) 28.310ms
[2020-02-28T13:18:50.118+0800][9.115s] GC(1) User=0.20s Sys=0.00s Real=0.03s
[2020-02-28T13:18:50.118+0800][9.115s] GC(2) Concurrent Cycle
[2020-02-28T13:18:50.118+0800][9.115s] GC(2) Concurrent Clear Claimed Marks
[2020-02-28T13:18:50.118+0800][9.116s] GC(2) Concurrent Clear Claimed Marks 0.083ms
[2020-02-28T13:18:50.118+0800][9.116s] GC(2) Concurrent Scan Root Regions
[2020-02-28T13:18:50.126+0800][9.124s] GC(2) Concurrent Scan Root Regions 8.200ms
[2020-02-28T13:18:50.126+0800][9.124s] GC(2) Concurrent Mark (9.124s)
[2020-02-28T13:18:50.127+0800][9.124s] GC(2) Concurrent Mark From Roots
[2020-02-28T13:18:50.127+0800][9.124s] GC(2) Using 3 workers of 3 for marking
[2020-02-28T13:18:50.144+0800][9.141s] GC(2) Concurrent Mark From Roots 17.459ms
[2020-02-28T13:18:50.144+0800][9.142s] GC(2) Concurrent Preclean
[2020-02-28T13:18:50.145+0800][9.142s] GC(2) Concurrent Preclean 0.448ms
[2020-02-28T13:18:50.145+0800][9.142s] GC(2) Concurrent Mark (9.124s, 9.142s) 18.167ms
[2020-02-28T13:18:50.145+0800][9.142s] GC(2) Pause Remark
[2020-02-28T13:18:50.148+0800][9.145s] GC(2) Cleaned string table, strings: 13189 processed, 0 removed
[2020-02-28T13:18:50.148+0800][9.146s] GC(2) Pause Remark 23M->23M(512M) 3.392ms
[2020-02-28T13:18:50.149+0800][9.146s] GC(2) User=0.00s Sys=0.00s Real=0.00s
[2020-02-28T13:18:50.149+0800][9.146s] GC(2) Concurrent Rebuild Remembered Sets
[2020-02-28T13:18:50.155+0800][9.152s] GC(2) Concurrent Rebuild Remembered Sets 6.123ms
[2020-02-28T13:18:50.155+0800][9.153s] GC(2) Pause Cleanup
[2020-02-28T13:18:50.155+0800][9.153s] GC(2) Pause Cleanup 23M->23M(512M) 0.301ms
[2020-02-28T13:18:50.156+0800][9.153s] GC(2) User=0.00s Sys=0.00s Real=0.00s
[2020-02-28T13:18:50.156+0800][9.153s] GC(2) Concurrent Cleanup for Next Mark
[2020-02-28T13:18:50.156+0800][9.154s] GC(2) Concurrent Cleanup for Next Mark 0.667ms
[2020-02-28T13:18:50.157+0800][9.154s] GC(2) Concurrent Cycle 38.679ms
[2020-02-28T13:18:52.378+0800][11.376s] GC(3) Pause Young (Normal) (G1 Evacuation Pause)
[2020-02-28T13:18:52.378+0800][11.376s] GC(3) Using 10 workers of 10 for evacuation
[2020-02-28T13:18:52.404+0800][11.401s] GC(3)   Pre Evacuate Collection Set: 0.0ms
[2020-02-28T13:18:52.404+0800][11.401s] GC(3)   Evacuate Collection Set: 22.9ms
[2020-02-28T13:18:52.404+0800][11.401s] GC(3)   Post Evacuate Collection Set: 2.1ms
[2020-02-28T13:18:52.404+0800][11.401s] GC(3)   Other: 0.4ms
[2020-02-28T13:18:52.404+0800][11.401s] GC(3) Eden regions: 82->0(137)
[2020-02-28T13:18:52.404+0800][11.401s] GC(3) Survivor regions: 19->5(13)
[2020-02-28T13:18:52.404+0800][11.401s] GC(3) Old regions: 0->19
[2020-02-28T13:18:52.404+0800][11.401s] GC(3) Archive regions: 0->0
[2020-02-28T13:18:52.404+0800][11.401s] GC(3) Humongous regions: 4->4
[2020-02-28T13:18:52.404+0800][11.401s] GC(3) Metaspace: 29852K->29852K(1077248K)
[2020-02-28T13:18:52.404+0800][11.402s] GC(3) Pause Young (Normal) (G1 Evacuation Pause) 104M->27M(512M) 26.034ms
[2020-02-28T13:18:52.404+0800][11.402s] GC(3) User=0.16s Sys=0.00s Real=0.03s
[2020-02-28T13:19:09.294+0800][28.291s] GC(4) Pause Young (Concurrent Start) (Metadata GC Threshold)
[2020-02-28T13:19:09.294+0800][28.291s] GC(4) Using 10 workers of 10 for evacuation
[2020-02-28T13:19:09.306+0800][28.303s] GC(4)   Pre Evacuate Collection Set: 0.1ms
[2020-02-28T13:19:09.306+0800][28.303s] GC(4)   Evacuate Collection Set: 10.5ms
[2020-02-28T13:19:09.306+0800][28.303s] GC(4)   Post Evacuate Collection Set: 1.0ms
[2020-02-28T13:19:09.306+0800][28.304s] GC(4)   Other: 0.5ms
[2020-02-28T13:19:09.306+0800][28.304s] GC(4) Eden regions: 85->0(148)
[2020-02-28T13:19:09.306+0800][28.304s] GC(4) Survivor regions: 5->6(18)
[2020-02-28T13:19:09.307+0800][28.304s] GC(4) Old regions: 19->19
[2020-02-28T13:19:09.307+0800][28.304s] GC(4) Archive regions: 0->0
[2020-02-28T13:19:09.307+0800][28.304s] GC(4) Humongous regions: 4->4
[2020-02-28T13:19:09.307+0800][28.304s] GC(4) Metaspace: 34796K->34796K(1081344K)
[2020-02-28T13:19:09.307+0800][28.304s] GC(4) Pause Young (Concurrent Start) (Metadata GC Threshold) 111M->28M(512M) 12.636ms
[2020-02-28T13:19:09.307+0800][28.304s] GC(4) User=0.06s Sys=0.03s Real=0.01s
[2020-02-28T13:19:09.307+0800][28.304s] GC(5) Concurrent Cycle
[2020-02-28T13:19:09.307+0800][28.304s] GC(5) Concurrent Clear Claimed Marks
[2020-02-28T13:19:09.307+0800][28.304s] GC(5) Concurrent Clear Claimed Marks 0.102ms
[2020-02-28T13:19:09.307+0800][28.304s] GC(5) Concurrent Scan Root Regions
[2020-02-28T13:19:09.313+0800][28.310s] GC(5) Concurrent Scan Root Regions 5.354ms
[2020-02-28T13:19:09.313+0800][28.310s] GC(5) Concurrent Mark (28.310s)
[2020-02-28T13:19:09.313+0800][28.310s] GC(5) Concurrent Mark From Roots
[2020-02-28T13:19:09.313+0800][28.310s] GC(5) Using 3 workers of 3 for marking
[2020-02-28T13:19:09.352+0800][28.349s] GC(5) Concurrent Mark From Roots 39.246ms
[2020-02-28T13:19:09.352+0800][28.349s] GC(5) Concurrent Preclean
[2020-02-28T13:19:09.353+0800][28.350s] GC(5) Concurrent Preclean 0.594ms
[2020-02-28T13:19:09.353+0800][28.350s] GC(5) Concurrent Mark (28.310s, 28.350s) 40.141ms
[2020-02-28T13:19:09.354+0800][28.351s] GC(5) Pause Remark
[2020-02-28T13:19:09.356+0800][28.353s] GC(5) Cleaned string table, strings: 19636 processed, 25 removed
[2020-02-28T13:19:09.356+0800][28.354s] GC(5) Pause Remark 30M->30M(512M) 2.953ms
[2020-02-28T13:19:09.357+0800][28.354s] GC(5) User=0.00s Sys=0.00s Real=0.00s
[2020-02-28T13:19:09.357+0800][28.354s] GC(5) Concurrent Rebuild Remembered Sets
[2020-02-28T13:19:09.377+0800][28.374s] GC(5) Concurrent Rebuild Remembered Sets 19.716ms
[2020-02-28T13:19:09.377+0800][28.374s] GC(5) Pause Cleanup
[2020-02-28T13:19:09.377+0800][28.374s] GC(5) Pause Cleanup 31M->31M(512M) 0.278ms
[2020-02-28T13:19:09.377+0800][28.374s] GC(5) User=0.00s Sys=0.00s Real=0.00s
[2020-02-28T13:19:09.378+0800][28.375s] GC(5) Concurrent Cleanup for Next Mark
[2020-02-28T13:19:09.378+0800][28.375s] GC(5) Concurrent Cleanup for Next Mark 0.790ms
[2020-02-28T13:19:09.379+0800][28.376s] GC(5) Concurrent Cycle 71.377ms
[2020-02-28T13:19:10.399+0800][29.396s] GC(6) Pause Young (Normal) (GCLocker Initiated GC)
[2020-02-28T13:19:10.399+0800][29.396s] GC(6) Using 10 workers of 10 for evacuation
[2020-02-28T13:19:10.410+0800][29.407s] GC(6)   Pre Evacuate Collection Set: 0.0ms
[2020-02-28T13:19:10.410+0800][29.407s] GC(6)   Evacuate Collection Set: 9.2ms
[2020-02-28T13:19:10.410+0800][29.407s] GC(6)   Post Evacuate Collection Set: 1.0ms
[2020-02-28T13:19:10.410+0800][29.407s] GC(6)   Other: 0.4ms
[2020-02-28T13:19:10.410+0800][29.407s] GC(6) Eden regions: 150->0(189)
[2020-02-28T13:19:10.410+0800][29.407s] GC(6) Survivor regions: 6->9(20)
[2020-02-28T13:19:10.410+0800][29.407s] GC(6) Old regions: 19->19
[2020-02-28T13:19:10.410+0800][29.407s] GC(6) Archive regions: 0->0
[2020-02-28T13:19:10.410+0800][29.407s] GC(6) Humongous regions: 5->5
[2020-02-28T13:19:10.410+0800][29.407s] GC(6) Metaspace: 39061K->39061K(1085440K)
[2020-02-28T13:19:10.410+0800][29.408s] GC(6) Pause Young (Normal) (GCLocker Initiated GC) 179M->32M(512M) 11.325ms
[2020-02-28T13:19:10.410+0800][29.408s] GC(6) User=0.16s Sys=0.02s Real=0.01s
[2020-02-28T13:19:11.914+0800][30.911s] GC(7) Pause Young (Normal) (G1 Evacuation Pause)
[2020-02-28T13:19:11.914+0800][30.911s] GC(7) Using 10 workers of 10 for evacuation
[2020-02-28T13:19:11.925+0800][30.922s] GC(7)   Pre Evacuate Collection Set: 0.0ms
[2020-02-28T13:19:11.925+0800][30.922s] GC(7)   Evacuate Collection Set: 9.2ms
[2020-02-28T13:19:11.925+0800][30.923s] GC(7)   Post Evacuate Collection Set: 1.8ms
[2020-02-28T13:19:11.925+0800][30.923s] GC(7)   Other: 0.4ms
[2020-02-28T13:19:11.926+0800][30.923s] GC(7) Eden regions: 189->0(296)
[2020-02-28T13:19:11.926+0800][30.923s] GC(7) Survivor regions: 9->11(25)
[2020-02-28T13:19:11.926+0800][30.923s] GC(7) Old regions: 19->19
[2020-02-28T13:19:11.926+0800][30.923s] GC(7) Archive regions: 0->0
[2020-02-28T13:19:11.926+0800][30.923s] GC(7) Humongous regions: 5->4
[2020-02-28T13:19:11.926+0800][30.923s] GC(7) Metaspace: 41792K->41792K(1087488K)
[2020-02-28T13:19:11.926+0800][30.923s] GC(7) Pause Young (Normal) (G1 Evacuation Pause) 221M->32M(512M) 12.082ms
[2020-02-28T13:19:11.926+0800][30.923s] GC(7) User=0.03s Sys=0.00s Real=0.01s
[2020-02-28T13:19:19.643+0800][38.640s] GC(8) Pause Young (Normal) (G1 Evacuation Pause)
[2020-02-28T13:19:19.643+0800][38.640s] GC(8) Using 10 workers of 10 for evacuation
[2020-02-28T13:19:19.659+0800][38.656s] GC(8)   Pre Evacuate Collection Set: 0.0ms
[2020-02-28T13:19:19.659+0800][38.657s] GC(8)   Evacuate Collection Set: 15.0ms
[2020-02-28T13:19:19.659+0800][38.657s] GC(8)   Post Evacuate Collection Set: 1.2ms
[2020-02-28T13:19:19.659+0800][38.657s] GC(8)   Other: 0.5ms
[2020-02-28T13:19:19.660+0800][38.657s] GC(8) Eden regions: 296->0(291)
[2020-02-28T13:19:19.660+0800][38.657s] GC(8) Survivor regions: 11->16(39)
[2020-02-28T13:19:19.660+0800][38.657s] GC(8) Old regions: 19->19
[2020-02-28T13:19:19.660+0800][38.657s] GC(8) Archive regions: 0->0
[2020-02-28T13:19:19.660+0800][38.657s] GC(8) Humongous regions: 4->4
[2020-02-28T13:19:19.660+0800][38.657s] GC(8) Metaspace: 49087K->49087K(1093632K)
[2020-02-28T13:19:19.660+0800][38.657s] GC(8) Pause Young (Normal) (G1 Evacuation Pause) 328M->38M(512M) 17.363ms
[2020-02-28T13:19:19.660+0800][38.657s] GC(8) User=0.02s Sys=0.00s Real=0.02s
[2020-02-28T16:17:02.910+0800][10701.919s] Heap
[2020-02-28T16:17:02.910+0800][10701.919s]  garbage-first heap   total 524288K, used 321769K [0x00000000e0000000, 0x0000000100000000)
[2020-02-28T16:17:02.910+0800][10701.919s]   region size 1024K, 294 young (301056K), 16 survivors (16384K)
[2020-02-28T16:17:02.910+0800][10701.919s]  Metaspace       used 53223K, capacity 54451K, committed 54572K, reserved 1097728K
[2020-02-28T16:17:02.910+0800][10701.919s]   class space    used 6016K, capacity 6516K, committed 6528K, reserved 1048576K
